{"synthetic": false,
 "schemaVersion": "2025-09-10",
 "outputs":
 {"o": ["96cdfaea9365bc73.olean"],
  "m": false,
  "i": "55e7de593dcc7da2.ilean",
  "c": "fbf9a76f275ca233.c"},
 "log":
 [{"message":
   ".> LEAN_PATH=C:\\Users\\Public\\Github\\Lean\\.lake\\packages\\Cli\\.lake\\build\\lib\\lean;C:\\Users\\Public\\Github\\Lean\\.lake\\packages\\batteries\\.lake\\build\\lib\\lean;C:\\Users\\Public\\Github\\Lean\\.lake\\packages\\Qq\\.lake\\build\\lib\\lean;C:\\Users\\Public\\Github\\Lean\\.lake\\packages\\aesop\\.lake\\build\\lib\\lean;C:\\Users\\Public\\Github\\Lean\\.lake\\packages\\proofwidgets\\.lake\\build\\lib\\lean;C:\\Users\\Public\\Github\\Lean\\.lake\\packages\\importGraph\\.lake\\build\\lib\\lean;C:\\Users\\Public\\Github\\Lean\\.lake\\packages\\LeanSearchClient\\.lake\\build\\lib\\lean;C:\\Users\\Public\\Github\\Lean\\.lake\\packages\\plausible\\.lake\\build\\lib\\lean;C:\\Users\\Public\\Github\\Lean\\.lake\\packages\\mathlib\\.lake\\build\\lib\\lean;C:\\Users\\Public\\Github\\Lean\\research_public\\latalaStrictAlmeidaThouless\\.lake\\build\\lib\\lean c:\\Users\\shuta\\.elan\\toolchains\\leanprover--lean4---v4.32.1\\bin\\lean.exe C:\\Users\\Public\\Github\\Lean\\research_public\\latalaStrictAlmeidaThouless\\SpinGlassAT\\Mathlib\\Probability\\Distributions\\GaussianIntegrationByParts.lean -o C:\\Users\\Public\\Github\\Lean\\research_public\\latalaStrictAlmeidaThouless\\.lake\\build\\lib\\lean\\SpinGlassAT\\Mathlib\\Probability\\Distributions\\GaussianIntegrationByParts.olean -i C:\\Users\\Public\\Github\\Lean\\research_public\\latalaStrictAlmeidaThouless\\.lake\\build\\lib\\lean\\SpinGlassAT\\Mathlib\\Probability\\Distributions\\GaussianIntegrationByParts.ilean -c C:\\Users\\Public\\Github\\Lean\\research_public\\latalaStrictAlmeidaThouless\\.lake\\build\\ir\\SpinGlassAT\\Mathlib\\Probability\\Distributions\\GaussianIntegrationByParts.c --setup C:\\Users\\Public\\Github\\Lean\\research_public\\latalaStrictAlmeidaThouless\\.lake\\build\\ir\\SpinGlassAT\\Mathlib\\Probability\\Distributions\\GaussianIntegrationByParts.setup.json --json",
   "level": "trace"},
  {"message":
   "SpinGlassAT/Mathlib/Probability/Distributions/GaussianIntegrationByParts.lean:7:0: 'Mathlib.Data.Real.StarOrdered' has been deprecated: please replace this import by\n\nimport Mathlib.Algebra.Order.Star.Real",
   "level": "warning"},
  {"message":
   "SpinGlassAT/Mathlib/Probability/Distributions/GaussianIntegrationByParts.lean:881:4: `MeasureTheory.integrable_finset_sum` has been deprecated: Use `MeasureTheory.integrable_finsetSum` instead",
   "level": "warning"}],
 "inputs":
 [["SpinGlassAT.Mathlib.Probability.Distributions.GaussianIntegrationByParts:deps",
   [["deps",
     [["LatalaMeetsAT/LatalaMeetsAT:extraDep",
       [["@LatalaMeetsAT:extraDep", "00000000000006bb"]]],
      ["imports",
       [["Mathlib.Algebra.Lie.OfAssociative transitive imports (legacy)",
         "eb30931cc9130ff8"],
        ["Mathlib.Algebra.Lie.OfAssociative:importAllArts", "897135c2a730df2f"],
        ["Mathlib.Data.Real.StarOrdered transitive imports (legacy)",
         "54ad7bc6ccd7bfc3"],
        ["Mathlib.Data.Real.StarOrdered:importAllArts", "6c8f418ec186ecb8"],
        ["Mathlib.Order.CompletePartialOrder transitive imports (legacy)",
         "1be83ea0dcb0d819"],
        ["Mathlib.Order.CompletePartialOrder:importAllArts",
         "9e251789347a4b56"],
        ["Mathlib.Probability.Distributions.Gaussian.Real transitive imports (legacy)",
         "d1981eaf96a0cd1f"],
        ["Mathlib.Probability.Distributions.Gaussian.Real:importAllArts",
         "5c82c81163457ecc"],
        ["Mathlib.Topology.Algebra.Module.ModuleTopology transitive imports (legacy)",
         "8712bd6fe454d7c5"],
        ["Mathlib.Topology.Algebra.Module.ModuleTopology:importAllArts",
         "22ed8f4c58ac8376"],
        ["Mathlib.Topology.EMetricSpace.Paracompact transitive imports (legacy)",
         "15b7930c58bf54bf"],
        ["Mathlib.Topology.EMetricSpace.Paracompact:importAllArts",
         "1a930ee5655ae339"],
        ["Mathlib.Topology.Separation.CompletelyRegular transitive imports (legacy)",
         "7fdfede0c579dad8"],
        ["Mathlib.Topology.Separation.CompletelyRegular:importAllArts",
         "0add5f60f32fd8a7"]]]]],
    ["libs",
     [["import dynlibs", "00000000000006bb"],
      ["package external libraries", "00000000000006bb"],
      ["module dynlibs", "00000000000006bb"],
      ["module plugins", "00000000000006bb"]]]]],
  ["Lean 4.32.1, commit f054605aea4b840552cca2e725580bffd1e1b704",
   "4ce1780d8d26fd00"],
  ["C:\\Users\\Public\\Github\\Lean\\research_public\\latalaStrictAlmeidaThouless\\SpinGlassAT\\Mathlib\\Probability\\Distributions\\GaussianIntegrationByParts.lean",
   "7dcbc1042e20d148"],
  ["options", "00000000000006bb"],
  ["isModule: false", "feefd2a0d3a1847e"],
  ["Module.name: SpinGlassAT.Mathlib.Probability.Distributions.GaussianIntegrationByParts",
   "0938d4b13d280b01"],
  ["Package.id?: (some LatalaMeetsAT)", "d6e0e2c3e446b395"],
  ["Module.leanArgs: #[]", "00000000000006bb"]],
 "depHash": "05d5980a309a8926"}