{"synthetic": false,
 "schemaVersion": "2025-09-10",
 "outputs":
 {"o": ["d977623471bfd49b.olean"],
  "m": false,
  "i": "78770b53f8865e88.ilean",
  "c": "197a38972a8ea70e.c"},
 "log":
 [{"message":
   ".> LEAN_PATH=C:\\Users\\Public\\Github\\Lean\\.lake\\packages\\Cli\\.lake\\build\\lib\\lean;C:\\Users\\Public\\Github\\Lean\\.lake\\packages\\batteries\\.lake\\build\\lib\\lean;C:\\Users\\Public\\Github\\Lean\\.lake\\packages\\Qq\\.lake\\build\\lib\\lean;C:\\Users\\Public\\Github\\Lean\\.lake\\packages\\aesop\\.lake\\build\\lib\\lean;C:\\Users\\Public\\Github\\Lean\\.lake\\packages\\proofwidgets\\.lake\\build\\lib\\lean;C:\\Users\\Public\\Github\\Lean\\.lake\\packages\\importGraph\\.lake\\build\\lib\\lean;C:\\Users\\Public\\Github\\Lean\\.lake\\packages\\LeanSearchClient\\.lake\\build\\lib\\lean;C:\\Users\\Public\\Github\\Lean\\.lake\\packages\\plausible\\.lake\\build\\lib\\lean;C:\\Users\\Public\\Github\\Lean\\.lake\\packages\\mathlib\\.lake\\build\\lib\\lean;C:\\Users\\Public\\Github\\Lean\\research_public\\latalaStrictAlmeidaThouless\\.lake\\build\\lib\\lean c:\\Users\\shuta\\.elan\\toolchains\\leanprover--lean4---v4.32.1\\bin\\lean.exe C:\\Users\\Public\\Github\\Lean\\research_public\\latalaStrictAlmeidaThouless\\SpinGlassAT\\Gaussian_concentration\\gaussian_concentration.lean -o C:\\Users\\Public\\Github\\Lean\\research_public\\latalaStrictAlmeidaThouless\\.lake\\build\\lib\\lean\\SpinGlassAT\\Gaussian_concentration\\gaussian_concentration.olean -i C:\\Users\\Public\\Github\\Lean\\research_public\\latalaStrictAlmeidaThouless\\.lake\\build\\lib\\lean\\SpinGlassAT\\Gaussian_concentration\\gaussian_concentration.ilean -c C:\\Users\\Public\\Github\\Lean\\research_public\\latalaStrictAlmeidaThouless\\.lake\\build\\ir\\SpinGlassAT\\Gaussian_concentration\\gaussian_concentration.c --setup C:\\Users\\Public\\Github\\Lean\\research_public\\latalaStrictAlmeidaThouless\\.lake\\build\\ir\\SpinGlassAT\\Gaussian_concentration\\gaussian_concentration.setup.json --json",
   "level": "trace"}],
 "inputs":
 [["SpinGlassAT.Gaussian_concentration.gaussian_concentration:deps",
   [["deps",
     [["LatalaMeetsAT/LatalaMeetsAT:extraDep",
       [["@LatalaMeetsAT:extraDep", "00000000000006bb"]]],
      ["imports",
       [["SpinGlassAT.Gaussian_concentration.GaussianConcentrationAux transitive imports (legacy)",
         "0c72aca3e353b9e4"],
        ["SpinGlassAT.Gaussian_concentration.GaussianConcentrationAux:importAllArts",
         "c51150951a01bb10"],
        ["SpinGlassAT.Gaussian_concentration.GaussianCovSmooth transitive imports (legacy)",
         "d9f06a1214e56eb3"],
        ["SpinGlassAT.Gaussian_concentration.GaussianCovSmooth:importAllArts",
         "dc1775e253587b76"],
        ["SpinGlassAT.Gaussian_concentration.GaussianCovMollify transitive imports (legacy)",
         "d9f06a1214e56eb3"],
        ["SpinGlassAT.Gaussian_concentration.GaussianCovMollify:importAllArts",
         "f14411d55508aa8c"]]]]],
    ["libs",
     [["import dynlibs", "00000000000006bb"],
      ["package external libraries", "00000000000006bb"],
      ["module dynlibs", "00000000000006bb"],
      ["module plugins", "00000000000006bb"]]]]],
  ["Lean 4.32.1, commit f054605aea4b840552cca2e725580bffd1e1b704",
   "4ce1780d8d26fd00"],
  ["C:\\Users\\Public\\Github\\Lean\\research_public\\latalaStrictAlmeidaThouless\\SpinGlassAT\\Gaussian_concentration\\gaussian_concentration.lean",
   "74f15026643d1c8c"],
  ["options", "00000000000006bb"],
  ["isModule: false", "feefd2a0d3a1847e"],
  ["Module.name: SpinGlassAT.Gaussian_concentration.gaussian_concentration",
   "ebb49f7773938135"],
  ["Package.id?: (some LatalaMeetsAT)", "d6e0e2c3e446b395"],
  ["Module.leanArgs: #[]", "00000000000006bb"]],
 "depHash": "5b2c85045fc8570d"}