{"synthetic": false,
 "schemaVersion": "2025-09-10",
 "outputs":
 {"o": ["39446abf5a01405e.olean"],
  "m": false,
  "i": "5934bbf5d3dbc645.ilean",
  "c": "6ce6c253f474cec9.c"},
 "log":
 [{"message":
   ".> LEAN_PATH=C:\\Users\\Public\\Github\\Lean\\.lake\\packages\\Cli\\.lake\\build\\lib\\lean;C:\\Users\\Public\\Github\\Lean\\.lake\\packages\\batteries\\.lake\\build\\lib\\lean;C:\\Users\\Public\\Github\\Lean\\.lake\\packages\\Qq\\.lake\\build\\lib\\lean;C:\\Users\\Public\\Github\\Lean\\.lake\\packages\\aesop\\.lake\\build\\lib\\lean;C:\\Users\\Public\\Github\\Lean\\.lake\\packages\\proofwidgets\\.lake\\build\\lib\\lean;C:\\Users\\Public\\Github\\Lean\\.lake\\packages\\importGraph\\.lake\\build\\lib\\lean;C:\\Users\\Public\\Github\\Lean\\.lake\\packages\\LeanSearchClient\\.lake\\build\\lib\\lean;C:\\Users\\Public\\Github\\Lean\\.lake\\packages\\plausible\\.lake\\build\\lib\\lean;C:\\Users\\Public\\Github\\Lean\\.lake\\packages\\mathlib\\.lake\\build\\lib\\lean;C:\\Users\\Public\\Github\\Lean\\research_public\\latalaStrictAlmeidaThouless\\.lake\\build\\lib\\lean c:\\Users\\shuta\\.elan\\toolchains\\leanprover--lean4---v4.32.1\\bin\\lean.exe C:\\Users\\Public\\Github\\Lean\\research_public\\latalaStrictAlmeidaThouless\\SpinGlassAT\\Gaussian_concentration\\GaussianConcentrationAux.lean -o C:\\Users\\Public\\Github\\Lean\\research_public\\latalaStrictAlmeidaThouless\\.lake\\build\\lib\\lean\\SpinGlassAT\\Gaussian_concentration\\GaussianConcentrationAux.olean -i C:\\Users\\Public\\Github\\Lean\\research_public\\latalaStrictAlmeidaThouless\\.lake\\build\\lib\\lean\\SpinGlassAT\\Gaussian_concentration\\GaussianConcentrationAux.ilean -c C:\\Users\\Public\\Github\\Lean\\research_public\\latalaStrictAlmeidaThouless\\.lake\\build\\ir\\SpinGlassAT\\Gaussian_concentration\\GaussianConcentrationAux.c --setup C:\\Users\\Public\\Github\\Lean\\research_public\\latalaStrictAlmeidaThouless\\.lake\\build\\ir\\SpinGlassAT\\Gaussian_concentration\\GaussianConcentrationAux.setup.json --json",
   "level": "trace"},
  {"message":
   "SpinGlassAT/Gaussian_concentration/GaussianConcentrationAux.lean:197:38: This simp argument is unused:\n  pow_one\n\nHint: Omit it from the simp argument list.\n  simp only [id_eq, Nat.cast_ofNat, p̵o̵w̵_̵o̵n̵e̵,̵ ̵mul_one]\n\nNote: This linter can be disabled with `set_option linter.unusedSimpArgs false`",
   "level": "warning"},
  {"message":
   "SpinGlassAT/Gaussian_concentration/GaussianConcentrationAux.lean:332:128: Try this:\n  [apply] ring_nf\n  \n  The `ring` tactic failed to close the goal. Use `ring_nf` to obtain a normal form.\n    \n  Note that `ring` works primarily in *commutative* rings. If you have a noncommutative ring, abelian group or module, consider using `noncomm_ring`, `abel` or `module` instead.",
   "level": "info"},
  {"message":
   "SpinGlassAT/Gaussian_concentration/GaussianConcentrationAux.lean:333:12: Try this:\n  [apply] ring_nf\n  \n  The `ring` tactic failed to close the goal. Use `ring_nf` to obtain a normal form.\n    \n  Note that `ring` works primarily in *commutative* rings. If you have a noncommutative ring, abelian group or module, consider using `noncomm_ring`, `abel` or `module` instead.",
   "level": "info"},
  {"message":
   "SpinGlassAT/Gaussian_concentration/GaussianConcentrationAux.lean:335:133: Try this:\n  [apply] ring_nf\n  \n  The `ring` tactic failed to close the goal. Use `ring_nf` to obtain a normal form.\n    \n  Note that `ring` works primarily in *commutative* rings. If you have a noncommutative ring, abelian group or module, consider using `noncomm_ring`, `abel` or `module` instead.",
   "level": "info"},
  {"message":
   "SpinGlassAT/Gaussian_concentration/GaussianConcentrationAux.lean:345:95: Try this:\n  [apply] ring_nf\n  \n  The `ring` tactic failed to close the goal. Use `ring_nf` to obtain a normal form.\n    \n  Note that `ring` works primarily in *commutative* rings. If you have a noncommutative ring, abelian group or module, consider using `noncomm_ring`, `abel` or `module` instead.",
   "level": "info"},
  {"message":
   "SpinGlassAT/Gaussian_concentration/GaussianConcentrationAux.lean:367:97: Try this:\n  [apply] ring_nf\n  \n  The `ring` tactic failed to close the goal. Use `ring_nf` to obtain a normal form.\n    \n  Note that `ring` works primarily in *commutative* rings. If you have a noncommutative ring, abelian group or module, consider using `noncomm_ring`, `abel` or `module` instead.",
   "level": "info"},
  {"message":
   "SpinGlassAT/Gaussian_concentration/GaussianConcentrationAux.lean:390:15: Try this:\n  [apply] ring_nf\n  \n  The `ring` tactic failed to close the goal. Use `ring_nf` to obtain a normal form.\n    \n  Note that `ring` works primarily in *commutative* rings. If you have a noncommutative ring, abelian group or module, consider using `noncomm_ring`, `abel` or `module` instead.",
   "level": "info"},
  {"message":
   "SpinGlassAT/Gaussian_concentration/GaussianConcentrationAux.lean:398:42: Try this:\n  [apply] ring_nf\n  \n  The `ring` tactic failed to close the goal. Use `ring_nf` to obtain a normal form.\n    \n  Note that `ring` works primarily in *commutative* rings. If you have a noncommutative ring, abelian group or module, consider using `noncomm_ring`, `abel` or `module` instead.",
   "level": "info"},
  {"message":
   "SpinGlassAT/Gaussian_concentration/GaussianConcentrationAux.lean:399:71: Try this:\n  [apply] ring_nf\n  \n  The `ring` tactic failed to close the goal. Use `ring_nf` to obtain a normal form.\n    \n  Note that `ring` works primarily in *commutative* rings. If you have a noncommutative ring, abelian group or module, consider using `noncomm_ring`, `abel` or `module` instead.",
   "level": "info"},
  {"message":
   "SpinGlassAT/Gaussian_concentration/GaussianConcentrationAux.lean:401:142: Try this:\n  [apply] ring_nf\n  \n  The `ring` tactic failed to close the goal. Use `ring_nf` to obtain a normal form.\n    \n  Note that `ring` works primarily in *commutative* rings. If you have a noncommutative ring, abelian group or module, consider using `noncomm_ring`, `abel` or `module` instead.",
   "level": "info"},
  {"message":
   "SpinGlassAT/Gaussian_concentration/GaussianConcentrationAux.lean:415:67: Try this:\n  [apply] ring_nf\n  \n  The `ring` tactic failed to close the goal. Use `ring_nf` to obtain a normal form.\n    \n  Note that `ring` works primarily in *commutative* rings. If you have a noncommutative ring, abelian group or module, consider using `noncomm_ring`, `abel` or `module` instead.",
   "level": "info"},
  {"message":
   "SpinGlassAT/Gaussian_concentration/GaussianConcentrationAux.lean:427:90: Try this:\n  [apply] ring_nf\n  \n  The `ring` tactic failed to close the goal. Use `ring_nf` to obtain a normal form.\n    \n  Note that `ring` works primarily in *commutative* rings. If you have a noncommutative ring, abelian group or module, consider using `noncomm_ring`, `abel` or `module` instead.",
   "level": "info"},
  {"message":
   "SpinGlassAT/Gaussian_concentration/GaussianConcentrationAux.lean:500:76: Try this:\n  [apply] ring_nf\n  \n  The `ring` tactic failed to close the goal. Use `ring_nf` to obtain a normal form.\n    \n  Note that `ring` works primarily in *commutative* rings. If you have a noncommutative ring, abelian group or module, consider using `noncomm_ring`, `abel` or `module` instead.",
   "level": "info"},
  {"message":
   "SpinGlassAT/Gaussian_concentration/GaussianConcentrationAux.lean:517:73: Try this:\n  [apply] ring_nf\n  \n  The `ring` tactic failed to close the goal. Use `ring_nf` to obtain a normal form.\n    \n  Note that `ring` works primarily in *commutative* rings. If you have a noncommutative ring, abelian group or module, consider using `noncomm_ring`, `abel` or `module` instead.",
   "level": "info"},
  {"message":
   "SpinGlassAT/Gaussian_concentration/GaussianConcentrationAux.lean:358:31: This simp argument is unused:\n  abs_mul\n\nHint: Omit it from the simp argument list.\n  simp_all +decide [̵ ̵a̵b̵s̵_̵m̵u̵l̵,̵ ̵m̵u̵l̵_̵a̵s̵s̵o̵c̵ ̵]̵[̲m̲u̲l̲_̲a̲s̲s̲o̲c̲]̲\n\nNote: This linter can be disabled with `set_option linter.unusedSimpArgs false`",
   "level": "warning"},
  {"message":
   "SpinGlassAT/Gaussian_concentration/GaussianConcentrationAux.lean:380:33: This simp argument is unused:\n  abs_mul\n\nHint: Omit it from the simp argument list.\n  simp_all +decide [̵ ̵a̵b̵s̵_̵m̵u̵l̵,̵ ̵m̵u̵l̵_̵a̵s̵s̵o̵c̵ ̵]̵[̲m̲u̲l̲_̲a̲s̲s̲o̲c̲]̲\n\nNote: This linter can be disabled with `set_option linter.unusedSimpArgs false`",
   "level": "warning"},
  {"message":
   "SpinGlassAT/Gaussian_concentration/GaussianConcentrationAux.lean:489:27: This simp argument is unused:\n  abs_mul\n\nHint: Omit it from the simp argument list.\n  simp_all +decide [̵ ̵a̵b̵s̵_̵m̵u̵l̵,̵ ̵m̵u̵l̵_̵a̵s̵s̵o̵c̵,̵ ̵m̵u̵l̵_̵d̵i̵v̵_̵a̵s̵s̵o̵c̵ ̵]̵[̲m̲u̲l̲_̲a̲s̲s̲o̲c̲,̲ ̲m̲u̲l̲_̲d̲i̲v̲_̲a̲s̲s̲o̲c̲]̲\n\nNote: This linter can be disabled with `set_option linter.unusedSimpArgs false`",
   "level": "warning"},
  {"message":
   "SpinGlassAT/Gaussian_concentration/GaussianConcentrationAux.lean:524:21: This simp argument is unused:\n  mul_div_assoc\n\nHint: Omit it from the simp argument list.\n  simp_all +decide ̵[̵ ̵m̵u̵l̵_̵d̵i̵v̵_̵a̵s̵s̵o̵c̵ ̵]̵\n\nNote: This linter can be disabled with `set_option linter.unusedSimpArgs false`",
   "level": "warning"},
  {"message":
   "SpinGlassAT/Gaussian_concentration/GaussianConcentrationAux.lean:542:39: This simp argument is unused:\n  hs\n\nHint: Omit it from the simp argument list.\n  simp +decide [̵ ̵S̵e̵t̵.̵p̵r̵e̵i̵m̵a̵g̵e̵,̵ ̵h̵s̵ ̵]̵[̲S̲e̲t̲.̲p̲r̲e̲i̲m̲a̲g̲e̲]̲\n\nNote: This linter can be disabled with `set_option linter.unusedSimpArgs false`",
   "level": "warning"},
  {"message":
   "SpinGlassAT/Gaussian_concentration/GaussianConcentrationAux.lean:544:132: This simp argument is unused:\n  Set.mem_univ_pi\n\nHint: Omit it from the simp argument list.\n  simp +decide ̵[̵ ̵S̵e̵t̵.̵m̵e̵m̵_̵u̵n̵i̵v̵_̵p̵i̵ ̵]̵\n\nNote: This linter can be disabled with `set_option linter.unusedSimpArgs false`",
   "level": "warning"},
  {"message":
   "SpinGlassAT/Gaussian_concentration/GaussianConcentrationAux.lean:674:84: Try this:\n  [apply] ring_nf\n  \n  The `ring` tactic failed to close the goal. Use `ring_nf` to obtain a normal form.\n    \n  Note that `ring` works primarily in *commutative* rings. If you have a noncommutative ring, abelian group or module, consider using `noncomm_ring`, `abel` or `module` instead.",
   "level": "info"},
  {"message":
   "SpinGlassAT/Gaussian_concentration/GaussianConcentrationAux.lean:631:37: Variable name `hc` is not explicitly referenced.\n\nThe binding can be removed (if unused) or named `_` (if used implicitly).\n\nNote: This linter can be disabled with `set_option linter.unusedVariables false`",
   "level": "warning"},
  {"message":
   "SpinGlassAT/Gaussian_concentration/GaussianConcentrationAux.lean:631:50: Variable name `hC` is not explicitly referenced.\n\nThe binding can be removed (if unused) or named `_` (if used implicitly).\n\nNote: This linter can be disabled with `set_option linter.unusedVariables false`",
   "level": "warning"},
  {"message":
   "SpinGlassAT/Gaussian_concentration/GaussianConcentrationAux.lean:667:25: This simp argument is unused:\n  Function.update_apply\n\nHint: Omit it from the simp argument list.\n  simp +decide ̵[̵ ̵F̵u̵n̵c̵t̵i̵o̵n̵.̵u̵p̵d̵a̵t̵e̵_̵a̵p̵p̵l̵y̵ ̵]̵\n\nNote: This linter can be disabled with `set_option linter.unusedSimpArgs false`",
   "level": "warning"},
  {"message":
   "SpinGlassAT/Gaussian_concentration/GaussianConcentrationAux.lean:686:60: This simp argument is unused:\n  Function.update_apply\n\nHint: Omit it from the simp argument list.\n  simp +decide [̵ ̵h̵j̵,̵ ̵F̵u̵n̵c̵t̵i̵o̵n̵.̵u̵p̵d̵a̵t̵e̵_̵a̵p̵p̵l̵y̵ ̵]̵[̲h̲j̲]̲\n\nNote: This linter can be disabled with `set_option linter.unusedSimpArgs false`",
   "level": "warning"},
  {"message":
   "SpinGlassAT/Gaussian_concentration/GaussianConcentrationAux.lean:692:23: This simp argument is unused:\n  Function.update_apply\n\nHint: Omit it from the simp argument list.\n  simp +decide ̵[̵ ̵F̵u̵n̵c̵t̵i̵o̵n̵.̵u̵p̵d̵a̵t̵e̵_̵a̵p̵p̵l̵y̵ ̵]̵\n\nNote: This linter can be disabled with `set_option linter.unusedSimpArgs false`",
   "level": "warning"},
  {"message":
   "SpinGlassAT/Gaussian_concentration/GaussianConcentrationAux.lean:700:62: This simp argument is unused:\n  Function.update_apply\n\nHint: Omit it from the simp argument list.\n  simp +decide [̵ ̵h̵j̵,̵ ̵F̵u̵n̵c̵t̵i̵o̵n̵.̵u̵p̵d̵a̵t̵e̵_̵a̵p̵p̵l̵y̵ ̵]̵[̲h̲j̲]̲\n\nNote: This linter can be disabled with `set_option linter.unusedSimpArgs false`",
   "level": "warning"},
  {"message":
   "SpinGlassAT/Gaussian_concentration/GaussianConcentrationAux.lean:705:58: This simp argument is unused:\n  Function.update_apply\n\nHint: Omit it from the simp argument list.\n  simp +decide [̵ ̵h̵j̵,̵ ̵F̵u̵n̵c̵t̵i̵o̵n̵.̵u̵p̵d̵a̵t̵e̵_̵a̵p̵p̵l̵y̵ ̵]̵[̲h̲j̲]̲\n\nNote: This linter can be disabled with `set_option linter.unusedSimpArgs false`",
   "level": "warning"},
  {"message":
   "SpinGlassAT/Gaussian_concentration/GaussianConcentrationAux.lean:720:60: This simp argument is unused:\n  Function.update_apply\n\nHint: Omit it from the simp argument list.\n  simp +decide [̵ ̵h̵j̵,̵ ̵F̵u̵n̵c̵t̵i̵o̵n̵.̵u̵p̵d̵a̵t̵e̵_̵a̵p̵p̵l̵y̵ ̵]̵[̲h̲j̲]̲\n\nNote: This linter can be disabled with `set_option linter.unusedSimpArgs false`",
   "level": "warning"},
  {"message":
   "SpinGlassAT/Gaussian_concentration/GaussianConcentrationAux.lean:742:58: This simp argument is unused:\n  Function.update_apply\n\nHint: Omit it from the simp argument list.\n  simp +decide [̵ ̵h̵j̵,̵ ̵F̵u̵n̵c̵t̵i̵o̵n̵.̵u̵p̵d̵a̵t̵e̵_̵a̵p̵p̵l̵y̵ ̵]̵[̲h̲j̲]̲\n\nNote: This linter can be disabled with `set_option linter.unusedSimpArgs false`",
   "level": "warning"},
  {"message":
   "SpinGlassAT/Gaussian_concentration/GaussianConcentrationAux.lean:776:19: This simp argument is unused:\n  WithLp.toLp\n\nHint: Omit it from the simp argument list.\n  simp +decide ̵[̵ ̵W̵i̵t̵h̵L̵p̵.̵t̵o̵L̵p̵ ̵]̵\n\nNote: This linter can be disabled with `set_option linter.unusedSimpArgs false`",
   "level": "warning"}],
 "inputs":
 [["SpinGlassAT.Gaussian_concentration.GaussianConcentrationAux:deps",
   [["deps",
     [["LatalaMeetsAT/LatalaMeetsAT:extraDep",
       [["@LatalaMeetsAT:extraDep", "00000000000006bb"]]],
      ["imports",
       [["Mathlib.Analysis.Calculus.Deriv.Pi transitive imports (legacy)",
         "9a897d7c3b6d1cbf"],
        ["Mathlib.Analysis.Calculus.Deriv.Pi:importAllArts",
         "ad601d7d952b7a91"],
        ["Mathlib.Analysis.Calculus.Gradient.Basic transitive imports (legacy)",
         "198469bb3c29a4bc"],
        ["Mathlib.Analysis.Calculus.Gradient.Basic:importAllArts",
         "dbfbe5ad97c9c275"],
        ["Mathlib.Probability.Distributions.Gaussian.HasGaussianLaw.Independence transitive imports (legacy)",
         "8329f6336a9b3f71"],
        ["Mathlib.Probability.Distributions.Gaussian.HasGaussianLaw.Independence:importAllArts",
         "4e1a06ea73ff17ee"],
        ["Mathlib.Tactic.Bound transitive imports (legacy)",
         "52d1d5f64e17d3c3"],
        ["Mathlib.Tactic.Bound:importAllArts", "70ef04a129201fbc"],
        ["Mathlib.Tactic.Continuity transitive imports (legacy)",
         "cf70a30d7e657dde"],
        ["Mathlib.Tactic.Continuity:importAllArts", "454e9bfaf0389d08"],
        ["Mathlib.Tactic.FunProp transitive imports (legacy)",
         "a351ad8ed3049840"],
        ["Mathlib.Tactic.FunProp:importAllArts", "dfd61f0644c6e829"],
        ["Mathlib.Tactic.GCongr transitive imports (legacy)",
         "6c0d1a93e35fc066"],
        ["Mathlib.Tactic.GCongr:importAllArts", "a178fcc9a601cf7c"],
        ["Mathlib.Tactic.Linarith transitive imports (legacy)",
         "bd539842e0e9188e"],
        ["Mathlib.Tactic.Linarith:importAllArts", "36837470b1981f93"],
        ["Mathlib.Tactic.NormNum transitive imports (legacy)",
         "216983883b586ba8"],
        ["Mathlib.Tactic.NormNum:importAllArts", "3265d8713479d53a"],
        ["Mathlib.Tactic.Positivity transitive imports (legacy)",
         "c4301d2a31163eed"],
        ["Mathlib.Tactic.Positivity:importAllArts", "68abb64e43fc072c"],
        ["Mathlib.Tactic.Ring transitive imports (legacy)", "dc76dd95ba2d288e"],
        ["Mathlib.Tactic.Ring:importAllArts", "52692833d1ad6630"],
        ["Mathlib.Topology.EMetricSpace.Paracompact transitive imports (legacy)",
         "15b7930c58bf54bf"],
        ["Mathlib.Topology.EMetricSpace.Paracompact:importAllArts",
         "1a930ee5655ae339"],
        ["Mathlib.Topology.UniformSpace.Uniformizable transitive imports (legacy)",
         "62fc562b9a31071e"],
        ["Mathlib.Topology.UniformSpace.Uniformizable:importAllArts",
         "f05ff329b6b2bdf5"]]]]],
    ["libs",
     [["import dynlibs", "00000000000006bb"],
      ["package external libraries", "00000000000006bb"],
      ["module dynlibs", "00000000000006bb"],
      ["module plugins", "00000000000006bb"]]]]],
  ["Lean 4.32.1, commit f054605aea4b840552cca2e725580bffd1e1b704",
   "4ce1780d8d26fd00"],
  ["C:\\Users\\Public\\Github\\Lean\\research_public\\latalaStrictAlmeidaThouless\\SpinGlassAT\\Gaussian_concentration\\GaussianConcentrationAux.lean",
   "ed70ac2aa3290989"],
  ["options", "00000000000006bb"],
  ["isModule: false", "feefd2a0d3a1847e"],
  ["Module.name: SpinGlassAT.Gaussian_concentration.GaussianConcentrationAux",
   "b8bd192e873d5bd8"],
  ["Package.id?: (some LatalaMeetsAT)", "d6e0e2c3e446b395"],
  ["Module.leanArgs: #[]", "00000000000006bb"]],
 "depHash": "f4e9768466f03a9c"}