{"synthetic": false,
 "schemaVersion": "2025-09-10",
 "outputs":
 {"o": ["0256d2c7565da358.olean"],
  "m": false,
  "i": "c2438b6cff1f7289.ilean",
  "c": "5234f6717e1695f4.c"},
 "log":
 [{"message":
   ".> LEAN_PATH=C:\\Users\\Public\\Github\\Lean\\.lake\\packages\\Cli\\.lake\\build\\lib\\lean;C:\\Users\\Public\\Github\\Lean\\.lake\\packages\\batteries\\.lake\\build\\lib\\lean;C:\\Users\\Public\\Github\\Lean\\.lake\\packages\\Qq\\.lake\\build\\lib\\lean;C:\\Users\\Public\\Github\\Lean\\.lake\\packages\\aesop\\.lake\\build\\lib\\lean;C:\\Users\\Public\\Github\\Lean\\.lake\\packages\\proofwidgets\\.lake\\build\\lib\\lean;C:\\Users\\Public\\Github\\Lean\\.lake\\packages\\importGraph\\.lake\\build\\lib\\lean;C:\\Users\\Public\\Github\\Lean\\.lake\\packages\\LeanSearchClient\\.lake\\build\\lib\\lean;C:\\Users\\Public\\Github\\Lean\\.lake\\packages\\plausible\\.lake\\build\\lib\\lean;C:\\Users\\Public\\Github\\Lean\\.lake\\packages\\mathlib\\.lake\\build\\lib\\lean;C:\\Users\\Public\\Github\\Lean\\research_public\\latalaStrictAlmeidaThouless\\.lake\\build\\lib\\lean c:\\Users\\shuta\\.elan\\toolchains\\leanprover--lean4---v4.32.1\\bin\\lean.exe C:\\Users\\Public\\Github\\Lean\\research_public\\latalaStrictAlmeidaThouless\\SpinGlassAT\\Gaussian_concentration\\GaussianCovSmooth.lean -o C:\\Users\\Public\\Github\\Lean\\research_public\\latalaStrictAlmeidaThouless\\.lake\\build\\lib\\lean\\SpinGlassAT\\Gaussian_concentration\\GaussianCovSmooth.olean -i C:\\Users\\Public\\Github\\Lean\\research_public\\latalaStrictAlmeidaThouless\\.lake\\build\\lib\\lean\\SpinGlassAT\\Gaussian_concentration\\GaussianCovSmooth.ilean -c C:\\Users\\Public\\Github\\Lean\\research_public\\latalaStrictAlmeidaThouless\\.lake\\build\\ir\\SpinGlassAT\\Gaussian_concentration\\GaussianCovSmooth.c --setup C:\\Users\\Public\\Github\\Lean\\research_public\\latalaStrictAlmeidaThouless\\.lake\\build\\ir\\SpinGlassAT\\Gaussian_concentration\\GaussianCovSmooth.setup.json --json",
   "level": "trace"},
  {"message":
   "SpinGlassAT/Gaussian_concentration/GaussianCovSmooth.lean:102:7: `MeasureTheory.integral_finset_sum` has been deprecated: Use `MeasureTheory.integral_finsetSum` instead",
   "level": "warning"},
  {"message":
   "SpinGlassAT/Gaussian_concentration/GaussianCovSmooth.lean:102:42: `MeasureTheory.integral_finset_sum` has been deprecated: Use `MeasureTheory.integral_finsetSum` instead",
   "level": "warning"},
  {"message":
   "SpinGlassAT/Gaussian_concentration/GaussianCovSmooth.lean:103:34: This simp argument is unused:\n  MeasureTheory.integral_const_mul\n\nHint: Omit it from the simp argument list.\n  simp_all +decide [̵ ̵m̵u̵l̵_̵a̵s̵s̵o̵c̵,̵ ̵M̵e̵a̵s̵u̵r̵e̵T̵h̵e̵o̵r̵y̵.̵i̵n̵t̵e̵g̵r̵a̵l̵_̵c̵o̵n̵s̵t̵_̵m̵u̵l̵ ̵]̵[̲m̲u̲l̲_̲a̲s̲s̲o̲c̲]̲\n\nNote: This linter can be disabled with `set_option linter.unusedSimpArgs false`",
   "level": "warning"},
  {"message":
   "SpinGlassAT/Gaussian_concentration/GaussianCovSmooth.lean:105:23: This simp argument is unused:\n  inner\n\nHint: Omit it from the simp argument list.\n  simp_all +decide [̵ ̵i̵n̵n̵e̵r̵,̵ ̵F̵i̵n̵s̵e̵t̵.̵m̵u̵l̵_̵s̵u̵m̵[̲F̲i̲n̲s̲e̲t̲.̲m̲u̲l̲_̲s̲u̲m̲ _ _ _̵ ̵]̵_̲]̲\n\nNote: This linter can be disabled with `set_option linter.unusedSimpArgs false`",
   "level": "warning"},
  {"message":
   "SpinGlassAT/Gaussian_concentration/GaussianCovSmooth.lean:105:30: This simp argument is unused:\n  Finset.mul_sum _ _ _\n\nHint: Omit it from the simp argument list.\n  simp_all +decide [̵ ̵i̵n̵n̵e̵r̵,̵ ̵F̵i̵n̵s̵e̵t̵.̵m̵u̵l̵_̵s̵u̵m̵ ̵_̵ ̵_̵ ̵_̵ ̵]̵[̲i̲n̲n̲e̲r̲]̲\n\nNote: This linter can be disabled with `set_option linter.unusedSimpArgs false`",
   "level": "warning"},
  {"message":
   "SpinGlassAT/Gaussian_concentration/GaussianCovSmooth.lean:107:19: This simp argument is unused:\n  inner\n\nHint: Omit it from the simp argument list.\n  simp +decide [̵ ̵i̵n̵n̵e̵r̵,̵ ̵m̵u̵l̵_̵a̵s̵s̵o̵c̵ ̵]̵[̲m̲u̲l̲_̲a̲s̲s̲o̲c̲]̲\n\nNote: This linter can be disabled with `set_option linter.unusedSimpArgs false`",
   "level": "warning"},
  {"message":
   "SpinGlassAT/Gaussian_concentration/GaussianCovSmooth.lean:327:122: This simp argument is unused:\n  mul_add\n\nHint: Omit it from the simp argument list.\n  simp_all +decide [̵ ̵m̵u̵l̵_̵a̵d̵d̵,̵ ̵a̵d̵d̵_̵a̵s̵s̵o̵c̵ ̵]̵[̲a̲d̲d̲_̲a̲s̲s̲o̲c̲]̲\n\nNote: This linter can be disabled with `set_option linter.unusedSimpArgs false`",
   "level": "warning"},
  {"message":
   "SpinGlassAT/Gaussian_concentration/GaussianCovSmooth.lean:338:23: This simp argument is unused:\n  abs_mul\n\nHint: Omit it from the simp argument list.\n  simp_all +decide [̵ ̵a̵b̵s̵_̵m̵u̵l̵,̵ ̵i̵n̵n̵e̵r̵_̵s̵e̵l̵f̵_̵e̵q̵_̵n̵o̵r̵m̵_̵s̵q̵_̵t̵o̵_̵K̵ ̵]̵[̲i̲n̲n̲e̲r̲_̲s̲e̲l̲f̲_̲e̲q̲_̲n̲o̲r̲m̲_̲s̲q̲_̲t̲o̲_̲K̲]̲\n\nNote: This linter can be disabled with `set_option linter.unusedSimpArgs false`",
   "level": "warning"},
  {"message":
   "SpinGlassAT/Gaussian_concentration/GaussianCovSmooth.lean:338:32: This simp argument is unused:\n  inner_self_eq_norm_sq_to_K\n\nHint: Omit it from the simp argument list.\n  simp_all +decide [̵ ̵a̵b̵s̵_̵m̵u̵l̵,̵ ̵i̵n̵n̵e̵r̵_̵s̵e̵l̵f̵_̵e̵q̵_̵n̵o̵r̵m̵_̵s̵q̵_̵t̵o̵_̵K̵ ̵]̵[̲a̲b̲s̲_̲m̲u̲l̲]̲\n\nNote: This linter can be disabled with `set_option linter.unusedSimpArgs false`",
   "level": "warning"},
  {"message":
   "SpinGlassAT/Gaussian_concentration/GaussianCovSmooth.lean:400:21: Try this:\n  [apply] ring_nf\n  \n  The `ring` tactic failed to close the goal. Use `ring_nf` to obtain a normal form.\n    \n  Note that `ring` works primarily in *commutative* rings. If you have a noncommutative ring, abelian group or module, consider using `noncomm_ring`, `abel` or `module` instead.",
   "level": "info"},
  {"message":
   "SpinGlassAT/Gaussian_concentration/GaussianCovSmooth.lean:428:94: Try this:\n  [apply] ring_nf\n  \n  The `ring` tactic failed to close the goal. Use `ring_nf` to obtain a normal form.\n    \n  Note that `ring` works primarily in *commutative* rings. If you have a noncommutative ring, abelian group or module, consider using `noncomm_ring`, `abel` or `module` instead.",
   "level": "info"},
  {"message":
   "SpinGlassAT/Gaussian_concentration/GaussianCovSmooth.lean:617:119: Try this:\n  [apply] ring_nf\n  \n  The `ring` tactic failed to close the goal. Use `ring_nf` to obtain a normal form.\n    \n  Note that `ring` works primarily in *commutative* rings. If you have a noncommutative ring, abelian group or module, consider using `noncomm_ring`, `abel` or `module` instead.",
   "level": "info"},
  {"message":
   "SpinGlassAT/Gaussian_concentration/GaussianCovSmooth.lean:609:23: This simp argument is unused:\n  MeasureTheory.integrable_const_iff\n\nHint: Omit it from the simp argument list.\n  simp +decide ̵[̵ ̵M̵e̵a̵s̵u̵r̵e̵T̵h̵e̵o̵r̵y̵.̵i̵n̵t̵e̵g̵r̵a̵b̵l̵e̵_̵c̵o̵n̵s̵t̵_̵i̵f̵f̵ ̵]̵\n\nNote: This linter can be disabled with `set_option linter.unusedSimpArgs false`",
   "level": "warning"},
  {"message":
   "SpinGlassAT/Gaussian_concentration/GaussianCovSmooth.lean:675:113: Try this:\n  [apply] ring_nf\n  \n  The `ring` tactic failed to close the goal. Use `ring_nf` to obtain a normal form.\n    \n  Note that `ring` works primarily in *commutative* rings. If you have a noncommutative ring, abelian group or module, consider using `noncomm_ring`, `abel` or `module` instead.",
   "level": "info"},
  {"message":
   "SpinGlassAT/Gaussian_concentration/GaussianCovSmooth.lean:688:82: Try this:\n  [apply] ring_nf\n  \n  The `ring` tactic failed to close the goal. Use `ring_nf` to obtain a normal form.\n    \n  Note that `ring` works primarily in *commutative* rings. If you have a noncommutative ring, abelian group or module, consider using `noncomm_ring`, `abel` or `module` instead.",
   "level": "info"},
  {"message":
   "SpinGlassAT/Gaussian_concentration/GaussianCovSmooth.lean:690:36: This simp argument is unused:\n  abs_mul\n\nHint: Omit it from the simp argument list.\n  simp_all +decide [̵ ̵n̵o̵r̵m̵_̵s̵m̵u̵l̵,̵ ̵a̵b̵s̵_̵m̵u̵l̵ ̵]̵[̲n̲o̲r̲m̲_̲s̲m̲u̲l̲]̲\n\nNote: This linter can be disabled with `set_option linter.unusedSimpArgs false`",
   "level": "warning"}],
 "inputs":
 [["SpinGlassAT.Gaussian_concentration.GaussianCovSmooth:deps",
   [["deps",
     [["LatalaMeetsAT/LatalaMeetsAT:extraDep",
       [["@LatalaMeetsAT:extraDep", "00000000000006bb"]]],
      ["imports",
       [["SpinGlassAT.Gaussian_concentration.GaussianConcentrationAux transitive imports (legacy)",
         "0c72aca3e353b9e4"],
        ["SpinGlassAT.Gaussian_concentration.GaussianConcentrationAux:importAllArts",
         "4cecea2ee3a9ff9c"]]]]],
    ["libs",
     [["import dynlibs", "00000000000006bb"],
      ["package external libraries", "00000000000006bb"],
      ["module dynlibs", "00000000000006bb"],
      ["module plugins", "00000000000006bb"]]]]],
  ["Lean 4.32.1, commit f054605aea4b840552cca2e725580bffd1e1b704",
   "4ce1780d8d26fd00"],
  ["C:\\Users\\Public\\Github\\Lean\\research_public\\latalaStrictAlmeidaThouless\\SpinGlassAT\\Gaussian_concentration\\GaussianCovSmooth.lean",
   "3538aafb11508e8d"],
  ["options", "00000000000006bb"],
  ["isModule: false", "feefd2a0d3a1847e"],
  ["Module.name: SpinGlassAT.Gaussian_concentration.GaussianCovSmooth",
   "6d3e101c0b1a6eba"],
  ["Package.id?: (some LatalaMeetsAT)", "d6e0e2c3e446b395"],
  ["Module.leanArgs: #[]", "00000000000006bb"]],
 "depHash": "1fcf742fbb58712a"}