\BOOKMARK [2][-]{subsection.0.1}{\376\377\000M\000o\000d\000e\000l\000\040\000a\000n\000d\000\040\000t\000h\000e\000\040\000s\000t\000r\000i\000c\000t\000\040\000A\000T\000\040\000r\000e\000g\000i\000o\000n}{}% 1
\BOOKMARK [2][-]{subsection.0.2}{\376\377\000T\000h\000e\000\040\000r\000e\000p\000l\000i\000c\000a\000-\000s\000y\000m\000m\000e\000t\000r\000i\000c\000\040\000s\000m\000a\000r\000t\000\040\000p\000a\000t\000h}{}% 2
\BOOKMARK [2][-]{subsection.0.3}{\376\377\000M\000a\000i\000n\000\040\000r\000e\000s\000u\000l\000t}{}% 3
\BOOKMARK [2][-]{subsection.0.4}{\376\377\000P\000r\000o\000o\000f\000\040\000s\000t\000r\000a\000t\000e\000g\000y}{}% 4
\BOOKMARK [1][-]{section.1}{\376\377\000R\000e\000p\000l\000i\000c\000a\000-\000s\000y\000m\000m\000e\000t\000r\000i\000c\000\040\000c\000o\000e\000r\000c\000i\000v\000i\000t\000y}{}% 5
\BOOKMARK [2][-]{subsection.1.1}{\376\377\000G\000a\000u\000s\000s\000i\000a\000n\000\040\000c\000a\000l\000c\000u\000l\000u\000s}{section.1}% 6
\BOOKMARK [2][-]{subsection.1.2}{\376\377\000T\000h\000e\000\040\000s\000c\000a\000l\000a\000r\000\040\000r\000e\000p\000l\000i\000c\000a\000-\000s\000y\000m\000m\000e\000t\000r\000i\000c\000\040\000P\000D\000E\000\040\000a\000n\000d\000\040\000t\000h\000e\000\040\000s\000t\000r\000i\000c\000t\000\040\000A\000T\000\040\000s\000i\000g\000n}{section.1}% 7
\BOOKMARK [2][-]{subsection.1.3}{\376\377\000T\000w\000o\000-\000r\000e\000p\000l\000i\000c\000a\000\040\000G\000u\000e\000r\000r\000a\040\023\000T\000a\000l\000a\000g\000r\000a\000n\000d\000\040\000c\000o\000e\000r\000c\000i\000v\000i\000t\000y}{section.1}% 8
\BOOKMARK [1][-]{section.2}{\376\377\000P\000r\000e\000l\000i\000m\000i\000n\000a\000r\000y\000\040\000o\000v\000e\000r\000l\000a\000p\000\040\000c\000o\000n\000c\000e\000n\000t\000r\000a\000t\000i\000o\000n}{}% 9
\BOOKMARK [2][-]{subsection.2.1}{\376\377\000F\000i\000n\000i\000t\000e\000-\000v\000o\000l\000u\000m\000e\000\040\000G\000r\000o\000n\000w\000a\000l\000l\000\040\000c\000l\000o\000s\000u\000r\000e}{section.2}% 10
\BOOKMARK [2][-]{subsection.2.2}{\376\377\000F\000i\000x\000e\000d\000-\000d\000e\000v\000i\000a\000t\000i\000o\000n\000\040\000o\000v\000e\000r\000l\000a\000p\000\040\000c\000o\000n\000c\000e\000n\000t\000r\000a\000t\000i\000o\000n}{section.2}% 11
\BOOKMARK [1][-]{section.3}{\376\377\000C\000a\000v\000i\000t\000y\000\040\000c\000l\000o\000s\000u\000r\000e}{}% 12
\BOOKMARK [2][-]{subsection.3.1}{\376\377\000T\000h\000e\000\040\000f\000i\000n\000i\000t\000e\000-\000s\000i\000z\000e\000\040\000c\000a\000v\000i\000t\000y\000\040\000s\000y\000s\000t\000e\000m}{section.3}% 13
\BOOKMARK [2][-]{subsection.3.2}{\376\377\000S\000t\000a\000b\000i\000l\000i\000t\000y\000\040\000o\000f\000\040\000t\000h\000e\000\040\000c\000a\000v\000i\000t\000y\000\040\000m\000a\000t\000r\000i\000x}{section.3}% 14
\BOOKMARK [1][-]{section.4}{\376\377\000C\000o\000n\000c\000l\000u\000s\000i\000o\000n\000s}{}% 15
\BOOKMARK [2][-]{subsection.4.1}{\376\377\000A\000b\000s\000o\000r\000p\000t\000i\000o\000n\000\040\000o\000f\000\040\000t\000h\000e\000\040\000c\000u\000b\000i\000c\000\040\000r\000e\000m\000a\000i\000n\000d\000e\000r}{section.4}% 16
\BOOKMARK [2][-]{subsection.4.2}{\376\377\000F\000r\000e\000e\000\040\000e\000n\000e\000r\000g\000y}{section.4}% 17
\BOOKMARK [2][-]{subsection.4.3}{\376\377\000R\000e\000p\000l\000i\000c\000o\000n\000\040\000s\000u\000s\000c\000e\000p\000t\000i\000b\000i\000l\000i\000t\000y}{section.4}% 18
\BOOKMARK [1][-]{appendix.A}{\376\377\000T\000h\000e\000\040\000s\000p\000e\000c\000i\000a\000l\000i\000z\000e\000d\000\040\000G\000u\000e\000r\000r\000a\040\023\000T\000a\000l\000a\000g\000r\000a\000n\000d\000\040\000b\000o\000u\000n\000d}{}% 19
\BOOKMARK [1][-]{appendix.B}{\376\377\000L\000e\000a\000n\000\040\0004\000\040\000f\000o\000r\000m\000a\000l\000i\000z\000a\000t\000i\000o\000n\000\040\000g\000u\000i\000d\000e}{}% 20
\BOOKMARK [2][-]{subsection.B.1}{\376\377\000E\000x\000a\000c\000t\000\040\000f\000o\000r\000m\000a\000l\000i\000z\000a\000t\000i\000o\000n\000\040\000t\000a\000r\000g\000e\000t\000\040\000a\000n\000d\000\040\000t\000r\000u\000s\000t\000e\000d\000\040\000b\000o\000u\000n\000d\000a\000r\000y}{appendix.B}% 21
\BOOKMARK [2][-]{subsection.B.2}{\376\377\000D\000e\000p\000e\000n\000d\000e\000n\000c\000y\000\040\000g\000r\000a\000p\000h\000\040\000a\000n\000d\000\040\000r\000e\000c\000o\000m\000m\000e\000n\000d\000e\000d\000\040\000o\000r\000d\000e\000r}{appendix.B}% 22
\BOOKMARK [2][-]{subsection.B.3}{\376\377\000P\000r\000o\000p\000o\000s\000e\000d\000\040\000f\000i\000l\000e\000\040\000l\000a\000y\000o\000u\000t}{appendix.B}% 23
\BOOKMARK [2][-]{subsection.B.4}{\376\377\000N\000a\000m\000i\000n\000g\000,\000\040\000n\000o\000r\000m\000a\000l\000i\000z\000a\000t\000i\000o\000n\000,\000\040\000a\000n\000d\000\040\000s\000i\000m\000p\000\040\000p\000o\000l\000i\000c\000y}{appendix.B}% 24
\BOOKMARK [2][-]{subsection.B.5}{\376\377\000F\000i\000n\000i\000t\000e\000\040\000s\000p\000i\000n\000\040\000s\000p\000a\000c\000e\000\040\000a\000n\000d\000\040\000o\000v\000e\000r\000l\000a\000p\000s}{appendix.B}% 25
\BOOKMARK [2][-]{subsection.B.6}{\376\377\000F\000i\000n\000i\000t\000e\000\040\000G\000i\000b\000b\000s\000\040\000m\000e\000a\000s\000u\000r\000e\000s\000\040\000w\000i\000t\000h\000o\000u\000t\000\040\000m\000e\000a\000s\000u\000r\000e\000-\000t\000h\000e\000o\000r\000e\000t\000i\000c\000\040\000o\000v\000e\000r\000h\000e\000a\000d}{appendix.B}% 26
\BOOKMARK [2][-]{subsection.B.7}{\376\377\000P\000a\000r\000a\000m\000e\000t\000e\000r\000\040\000r\000e\000c\000o\000r\000d\000s\000\040\000a\000n\000d\000\040\000t\000h\000e\000\040\000f\000i\000x\000e\000d\000-\000p\000o\000i\000n\000t\000\040\000l\000a\000y\000e\000r}{appendix.B}% 27
\BOOKMARK [2][-]{subsection.B.8}{\376\377\000G\000a\000u\000s\000s\000i\000a\000n\000\040\000e\000x\000p\000e\000c\000t\000a\000t\000i\000o\000n\000\040\000w\000r\000a\000p\000p\000e\000r\000s\000\040\000a\000n\000d\000\040\000a\000n\000a\000l\000y\000t\000i\000c\000\040\000c\000o\000n\000t\000r\000a\000c\000t\000s}{appendix.B}% 28
\BOOKMARK [2][-]{subsection.B.9}{\376\377\000H\000y\000p\000e\000r\000b\000o\000l\000i\000c\000\040\000i\000d\000e\000n\000t\000i\000t\000i\000e\000s\000\040\000a\000n\000d\000\040\000m\000o\000m\000e\000n\000t\000\040\000i\000n\000e\000q\000u\000a\000l\000i\000t\000i\000e\000s}{appendix.B}% 29
\BOOKMARK [2][-]{subsection.B.10}{\376\377\000S\000m\000a\000r\000t\000-\000p\000a\000t\000h\000\040\000d\000a\000t\000a\000\040\000a\000n\000d\000\040\000e\000n\000d\000p\000o\000i\000n\000t\000\040\000c\000h\000e\000c\000k\000s}{appendix.B}% 30
\BOOKMARK [2][-]{subsection.B.11}{\376\377\000R\000e\000p\000l\000i\000c\000a\000\040\000i\000n\000d\000i\000c\000e\000s\000\040\000a\000n\000d\000\040\000e\000x\000c\000h\000a\000n\000g\000e\000a\000b\000i\000l\000i\000t\000y}{appendix.B}% 31
\BOOKMARK [2][-]{subsection.B.12}{\376\377\000S\000c\000a\000l\000a\000r\000\040\000P\000D\000E\000\040\000a\000s\000\040\000a\000n\000\040\000e\000x\000p\000l\000i\000c\000i\000t\000\040\000s\000e\000m\000i\000g\000r\000o\000u\000p}{appendix.B}% 32
\BOOKMARK [2][-]{subsection.B.13}{\376\377\000L\000o\000c\000a\000l\000\040\000f\000i\000e\000l\000d\000,\000\040\000d\000i\000f\000f\000u\000s\000i\000o\000n\000,\000\040\000a\000n\000d\000\040\000s\000t\000r\000i\000c\000t\000\040\000A\000T\000\040\000s\000i\000g\000n}{appendix.B}% 33
\BOOKMARK [2][-]{subsection.B.14}{\376\377\000T\000w\000o\000-\000r\000e\000p\000l\000i\000c\000a\000\040\000t\000e\000r\000m\000i\000n\000a\000l\000\040\000f\000u\000n\000c\000t\000i\000o\000n}{appendix.B}% 34
\BOOKMARK [2][-]{subsection.B.15}{\376\377\000M\000a\000t\000r\000i\000x\000-\000v\000a\000l\000u\000e\000d\000\040\000G\000T\000\040\000p\000a\000t\000h}{appendix.B}% 35
\BOOKMARK [2][-]{subsection.B.16}{\376\377\000F\000i\000n\000i\000t\000e\000-\000s\000e\000m\000i\000g\000r\000o\000u\000p\000\040\000c\000o\000n\000s\000t\000r\000u\000c\000t\000i\000o\000n\000\040\000o\000f\000\040\000t\000h\000e\000\040\000t\000w\000o\000-\000d\000i\000m\000e\000n\000s\000i\000o\000n\000a\000l\000\040\000P\000D\000E}{appendix.B}% 36
\BOOKMARK [2][-]{subsection.B.17}{\376\377\000S\000p\000e\000c\000i\000a\000l\000i\000z\000e\000d\000\040\000G\000T\000\040\000i\000n\000t\000e\000r\000p\000o\000l\000a\000t\000i\000o\000n}{appendix.B}% 37
\BOOKMARK [2][-]{subsection.B.18}{\376\377\000F\000l\000a\000t\000n\000e\000s\000s\000\040\000a\000n\000d\000\040\000t\000h\000e\000\040\000m\000u\000l\000t\000i\000p\000l\000i\000e\000r\000\040\000d\000e\000r\000i\000v\000a\000t\000i\000v\000e}{appendix.B}% 38
\BOOKMARK [2][-]{subsection.B.19}{\376\377\000U\000n\000i\000f\000o\000r\000m\000\040\000T\000a\000y\000l\000o\000r\000\040\000c\000o\000e\000r\000c\000i\000v\000i\000t\000y}{appendix.B}% 39
\BOOKMARK [2][-]{subsection.B.20}{\376\377\000U\000n\000i\000f\000o\000r\000m\000\040\000s\000e\000c\000o\000n\000d\000\040\000d\000e\000r\000i\000v\000a\000t\000i\000v\000e\000\040\000i\000n\000\040\000t\000h\000e\000\040\000m\000u\000l\000t\000i\000p\000l\000i\000e\000r}{appendix.B}% 40
\BOOKMARK [2][-]{subsection.B.21}{\376\377\000C\000o\000u\000p\000l\000e\000d\000\040\000p\000r\000e\000s\000s\000u\000r\000e\000\040\000a\000n\000d\000\040\000p\000r\000e\000l\000i\000m\000i\000n\000a\000r\000y\000\040\000c\000o\000n\000c\000e\000n\000t\000r\000a\000t\000i\000o\000n}{appendix.B}% 41
\BOOKMARK [2][-]{subsection.B.22}{\376\377\000F\000i\000x\000e\000d\000-\000d\000e\000v\000i\000a\000t\000i\000o\000n\000\040\000t\000a\000i\000l\000s}{appendix.B}% 42
\BOOKMARK [2][-]{subsection.B.23}{\376\377\000C\000a\000v\000i\000t\000y\000\040\000c\000o\000n\000f\000i\000g\000u\000r\000a\000t\000i\000o\000n\000\040\000a\000n\000d\000\040\000e\000n\000d\000p\000o\000i\000n\000t\000\040\000f\000a\000c\000t\000o\000r\000i\000z\000a\000t\000i\000o\000n}{appendix.B}% 43
\BOOKMARK [2][-]{subsection.B.24}{\376\377\000T\000h\000e\000\040\000r\000e\000p\000l\000i\000c\000a\000\040\000d\000e\000r\000i\000v\000a\000t\000i\000v\000e\000\040\000o\000p\000e\000r\000a\000t\000o\000r}{appendix.B}% 44
\BOOKMARK [2][-]{subsection.B.25}{\376\377\000C\000a\000v\000i\000t\000y\000\040\000r\000e\000p\000l\000a\000c\000e\000m\000e\000n\000t\000\040\000e\000s\000t\000i\000m\000a\000t\000e\000s}{appendix.B}% 45
\BOOKMARK [2][-]{subsection.B.26}{\376\377\000C\000a\000v\000i\000t\000y\000\040\000T\000a\000y\000l\000o\000r\000\040\000r\000e\000m\000a\000i\000n\000d\000e\000r}{appendix.B}% 46
\BOOKMARK [2][-]{subsection.B.27}{\376\377\000F\000i\000n\000i\000t\000e\000\040\000c\000o\000e\000f\000f\000i\000c\000i\000e\000n\000t\000\040\000v\000e\000r\000i\000f\000i\000c\000a\000t\000i\000o\000n}{appendix.B}% 47
\BOOKMARK [2][-]{subsection.B.28}{\376\377\000T\000h\000e\000\040\000t\000h\000r\000e\000e\000-\000d\000i\000m\000e\000n\000s\000i\000o\000n\000a\000l\000\040\000c\000a\000v\000i\000t\000y\000\040\000m\000a\000t\000r\000i\000x}{appendix.B}% 48
\BOOKMARK [2][-]{subsection.B.29}{\376\377\000D\000e\000t\000e\000r\000m\000i\000n\000i\000s\000t\000i\000c\000\040\000c\000u\000b\000i\000c\000\040\000a\000b\000s\000o\000r\000p\000t\000i\000o\000n}{appendix.B}% 49
\BOOKMARK [2][-]{subsection.B.30}{\376\377\000F\000r\000e\000e\000-\000e\000n\000e\000r\000g\000y\000\040\000c\000o\000n\000c\000l\000u\000s\000i\000o\000n}{appendix.B}% 50
\BOOKMARK [2][-]{subsection.B.31}{\376\377\000R\000e\000p\000l\000i\000c\000o\000n\000\040\000s\000u\000s\000c\000e\000p\000t\000i\000b\000i\000l\000i\000t\000y}{appendix.B}% 51
\BOOKMARK [2][-]{subsection.B.32}{\376\377\000U\000n\000i\000f\000o\000r\000m\000i\000t\000y\000\040\000o\000n\000\040\000c\000o\000m\000p\000a\000c\000t\000\040\000p\000a\000r\000a\000m\000e\000t\000e\000r\000\040\000s\000e\000t\000s}{appendix.B}% 52
\BOOKMARK [2][-]{subsection.B.33}{\376\377\000P\000a\000p\000e\000r\000-\000t\000o\000-\000L\000e\000a\000n\000\040\000t\000h\000e\000o\000r\000e\000m\000\040\000l\000e\000d\000g\000e\000r}{appendix.B}% 53
\BOOKMARK [2][-]{subsection.B.34}{\376\377\000S\000u\000g\000g\000e\000s\000t\000e\000d\000\040\000p\000u\000b\000l\000i\000c\000\040\000t\000h\000e\000o\000r\000e\000m\000\040\000s\000t\000a\000t\000e\000m\000e\000n\000t\000s}{appendix.B}% 54
\BOOKMARK [2][-]{subsection.B.35}{\376\377\000T\000a\000c\000t\000i\000c\000\040\000g\000u\000i\000d\000a\000n\000c\000e\000\040\000f\000o\000r\000\040\000f\000r\000a\000g\000i\000l\000e\000\040\000c\000a\000l\000c\000u\000l\000a\000t\000i\000o\000n\000s}{appendix.B}% 55
\BOOKMARK [2][-]{subsection.B.36}{\376\377\000A\000u\000d\000i\000t\000\040\000c\000h\000e\000c\000k\000l\000i\000s\000t\000\040\000b\000e\000f\000o\000r\000e\000\040\000c\000l\000a\000i\000m\000i\000n\000g\000\040\000c\000o\000m\000p\000l\000e\000t\000i\000o\000n}{appendix.B}% 56
\BOOKMARK [2][-]{subsection.B.37}{\376\377\000H\000i\000g\000h\000-\000r\000i\000s\000k\000\040\000p\000r\000o\000o\000f\000\040\000o\000b\000l\000i\000g\000a\000t\000i\000o\000n\000s}{appendix.B}% 57
\BOOKMARK [2][-]{subsection.B.38}{\376\377\000M\000i\000n\000i\000m\000a\000l\000\040\000u\000s\000e\000f\000u\000l\000\040\000c\000o\000m\000p\000l\000e\000t\000i\000o\000n\000\040\000s\000t\000a\000g\000e\000s}{appendix.B}% 58
