{"synthetic": false,
 "schemaVersion": "2025-09-10",
 "outputs":
 {"o": ["43ca4e446d1c5b8b.olean"],
  "m": false,
  "i": "b119ceb848f13bc2.ilean",
  "c": "e086f8850f94e08e.c"},
 "log":
 [{"message":
   ".> LEAN_PATH=C:\\Users\\Public\\Github\\Lean\\.lake\\packages\\Cli\\.lake\\build\\lib\\lean;C:\\Users\\Public\\Github\\Lean\\.lake\\packages\\batteries\\.lake\\build\\lib\\lean;C:\\Users\\Public\\Github\\Lean\\.lake\\packages\\Qq\\.lake\\build\\lib\\lean;C:\\Users\\Public\\Github\\Lean\\.lake\\packages\\aesop\\.lake\\build\\lib\\lean;C:\\Users\\Public\\Github\\Lean\\.lake\\packages\\proofwidgets\\.lake\\build\\lib\\lean;C:\\Users\\Public\\Github\\Lean\\.lake\\packages\\importGraph\\.lake\\build\\lib\\lean;C:\\Users\\Public\\Github\\Lean\\.lake\\packages\\LeanSearchClient\\.lake\\build\\lib\\lean;C:\\Users\\Public\\Github\\Lean\\.lake\\packages\\plausible\\.lake\\build\\lib\\lean;C:\\Users\\Public\\Github\\Lean\\.lake\\packages\\mathlib\\.lake\\build\\lib\\lean;C:\\Users\\Public\\Github\\Lean\\research_public\\latalaStrictAlmeidaThouless\\.lake\\build\\lib\\lean c:\\Users\\shuta\\.elan\\toolchains\\leanprover--lean4---v4.32.1\\bin\\lean.exe C:\\Users\\Public\\Github\\Lean\\research_public\\latalaStrictAlmeidaThouless\\Lemmas\\fixed_point.lean -o C:\\Users\\Public\\Github\\Lean\\research_public\\latalaStrictAlmeidaThouless\\.lake\\build\\lib\\lean\\Lemmas\\fixed_point.olean -i C:\\Users\\Public\\Github\\Lean\\research_public\\latalaStrictAlmeidaThouless\\.lake\\build\\lib\\lean\\Lemmas\\fixed_point.ilean -c C:\\Users\\Public\\Github\\Lean\\research_public\\latalaStrictAlmeidaThouless\\.lake\\build\\ir\\Lemmas\\fixed_point.c --setup C:\\Users\\Public\\Github\\Lean\\research_public\\latalaStrictAlmeidaThouless\\.lake\\build\\ir\\Lemmas\\fixed_point.setup.json --json",
   "level": "trace"},
  {"message": "Lemmas/fixed_point.lean:202:8: declaration uses `sorry`",
   "level": "warning"}],
 "inputs":
 [["Lemmas.fixed_point:deps",
   [["deps",
     [["LatalaMeetsAT/LatalaMeetsAT:extraDep",
       [["@LatalaMeetsAT:extraDep", "00000000000006bb"]]],
      ["imports",
       [["Mathlib.Probability.Distributions.Gaussian.Real transitive imports (legacy)",
         "d1981eaf96a0cd1f"],
        ["Mathlib.Probability.Distributions.Gaussian.Real:importAllArts",
         "5c82c81163457ecc"],
        ["Mathlib.Topology.MetricSpace.ProperSpace.Real transitive imports (legacy)",
         "c86546135f124733"],
        ["Mathlib.Topology.MetricSpace.ProperSpace.Real:importAllArts",
         "6fa9525917884299"],
        ["Mathlib.Order.Filter.AtTopBot.CountablyGenerated transitive imports (legacy)",
         "c2559bc68bed92fc"],
        ["Mathlib.Order.Filter.AtTopBot.CountablyGenerated:importAllArts",
         "2e4955c5be90f6ce"]]]]],
    ["libs",
     [["import dynlibs", "00000000000006bb"],
      ["package external libraries", "00000000000006bb"],
      ["module dynlibs", "00000000000006bb"],
      ["module plugins", "00000000000006bb"]]]]],
  ["Lean 4.32.1, commit f054605aea4b840552cca2e725580bffd1e1b704",
   "4ce1780d8d26fd00"],
  ["C:\\Users\\Public\\Github\\Lean\\research_public\\latalaStrictAlmeidaThouless\\Lemmas\\fixed_point.lean",
   "3dd058e43c9d1bba"],
  ["options", "00000000000006bb"],
  ["isModule: false", "feefd2a0d3a1847e"],
  ["Module.name: Lemmas.fixed_point", "c8877cb69517edd5"],
  ["Package.id?: (some LatalaMeetsAT)", "d6e0e2c3e446b395"],
  ["Module.leanArgs: #[]", "00000000000006bb"]],
 "depHash": "bbe6a2ba75f020d3"}