{"synthetic": false,
 "schemaVersion": "2025-09-10",
 "outputs":
 {"o": ["a530024dbe9a8e73.olean"],
  "m": false,
  "i": "f09ec5cf3a6e62ad.ilean",
  "c": "03af9c875e308897.c"},
 "log":
 [{"message":
   ".> LEAN_PATH=C:\\Users\\Public\\Github\\Lean\\.lake\\packages\\Cli\\.lake\\build\\lib\\lean;C:\\Users\\Public\\Github\\Lean\\.lake\\packages\\batteries\\.lake\\build\\lib\\lean;C:\\Users\\Public\\Github\\Lean\\.lake\\packages\\Qq\\.lake\\build\\lib\\lean;C:\\Users\\Public\\Github\\Lean\\.lake\\packages\\aesop\\.lake\\build\\lib\\lean;C:\\Users\\Public\\Github\\Lean\\.lake\\packages\\proofwidgets\\.lake\\build\\lib\\lean;C:\\Users\\Public\\Github\\Lean\\.lake\\packages\\importGraph\\.lake\\build\\lib\\lean;C:\\Users\\Public\\Github\\Lean\\.lake\\packages\\LeanSearchClient\\.lake\\build\\lib\\lean;C:\\Users\\Public\\Github\\Lean\\.lake\\packages\\plausible\\.lake\\build\\lib\\lean;C:\\Users\\Public\\Github\\Lean\\.lake\\packages\\mathlib\\.lake\\build\\lib\\lean;C:\\Users\\Public\\Github\\Lean\\research_public\\latalaStrictAlmeidaThouless\\.lake\\build\\lib\\lean c:\\Users\\njima\\.elan\\toolchains\\leanprover--lean4---v4.32.1\\bin\\lean.exe C:\\Users\\Public\\Github\\Lean\\research_public\\latalaStrictAlmeidaThouless\\Lemmas\\interpolatedAT.lean -o C:\\Users\\Public\\Github\\Lean\\research_public\\latalaStrictAlmeidaThouless\\.lake\\build\\lib\\lean\\Lemmas\\interpolatedAT.olean -i C:\\Users\\Public\\Github\\Lean\\research_public\\latalaStrictAlmeidaThouless\\.lake\\build\\lib\\lean\\Lemmas\\interpolatedAT.ilean -c C:\\Users\\Public\\Github\\Lean\\research_public\\latalaStrictAlmeidaThouless\\.lake\\build\\ir\\Lemmas\\interpolatedAT.c --setup C:\\Users\\Public\\Github\\Lean\\research_public\\latalaStrictAlmeidaThouless\\.lake\\build\\ir\\Lemmas\\interpolatedAT.setup.json --json",
   "level": "trace"},
  {"message":
   "Lemmas/interpolatedAT.lean:898:4: try 'simp' instead of 'simpa'\n\nNote: This linter can be disabled with `set_option linter.unnecessarySimpa false`",
   "level": "warning"},
  {"message":
   "Lemmas/interpolatedAT.lean:1033:13: This simp argument is unused:\n  Pi.inv_apply\n\nHint: Omit it from the simp argument list.\n  simp only [̵P̵i̵.̵i̵n̵v̵_̵a̵p̵p̵l̵y̵,̵ ̵i̵n̵v̵_̵p̵o̵w̵]̵[̲i̲n̲v̲_̲p̲o̲w̲]̲\n\nNote: This linter can be disabled with `set_option linter.unusedSimpArgs false`",
   "level": "warning"},
  {"message":
   "Lemmas/interpolatedAT.lean:1320:64: Used `tac1 <;> tac2` where `(tac1; tac2)` would suffice\n\nNote: This linter can be disabled with `set_option linter.unnecessarySeqFocus false`",
   "level": "warning"},
  {"message":
   "Lemmas/interpolatedAT.lean:1347:34: Try this:\n  [apply] ring_nf\n  \n  The `ring` tactic failed to close the goal. Use `ring_nf` to obtain a normal form.\n    \n  Note that `ring` works primarily in *commutative* rings. If you have a noncommutative ring, abelian group or module, consider using `noncomm_ring`, `abel` or `module` instead.",
   "level": "info"},
  {"message":
   "Lemmas/interpolatedAT.lean:1371:15: This simp argument is unused:\n  NNReal.coe_mul\n\nHint: Omit it from the simp argument list.\n  simp only [NNReal.coe_mu̵l̵,̵ ̵N̵N̵R̵e̵a̵l̵.̵c̵o̵e̵_̵m̵k, NNReal.coe_one, mul_one]\n\nNote: This linter can be disabled with `set_option linter.unusedSimpArgs false`",
   "level": "warning"},
  {"message":
   "Lemmas/interpolatedAT.lean:1371:46: This simp argument is unused:\n  NNReal.coe_one\n\nHint: Omit it from the simp argument list.\n  simp only [NNReal.coe_mul, NNReal.coe_mk, N̵N̵R̵e̵a̵l̵.̵c̵o̵e̵_̵o̵n̵e̵,̵ ̵mul_one]\n\nNote: This linter can be disabled with `set_option linter.unusedSimpArgs false`",
   "level": "warning"},
  {"message":
   "Lemmas/interpolatedAT.lean:1772:64: Try this:\n  [apply] ring_nf\n  \n  The `ring` tactic failed to close the goal. Use `ring_nf` to obtain a normal form.\n    \n  Note that `ring` works primarily in *commutative* rings. If you have a noncommutative ring, abelian group or module, consider using `noncomm_ring`, `abel` or `module` instead.",
   "level": "info"},
  {"message":
   "Lemmas/interpolatedAT.lean:2028:15: Variable name `hv` is not explicitly referenced.\n\nThe binding can be removed (if unused) or named `_` (if used implicitly).\n\nNote: This linter can be disabled with `set_option linter.unusedVariables false`",
   "level": "warning"},
  {"message":
   "Lemmas/interpolatedAT.lean:2075:8: 'ring' tactic does nothing\n\nNote: This linter can be disabled with `set_option linter.unusedTactic false`",
   "level": "warning"},
  {"message":
   "Lemmas/interpolatedAT.lean:2075:8: this tactic is never executed\n\nNote: This linter can be disabled with `set_option linter.unreachableTactic false`",
   "level": "warning"},
  {"message":
   "Lemmas/interpolatedAT.lean:2538:4: try 'simp' instead of 'simpa'\n\nNote: This linter can be disabled with `set_option linter.unnecessarySimpa false`",
   "level": "warning"}],
 "inputs":
 [["Lemmas.interpolatedAT:deps",
   [["deps",
     [["LatalaMeetsAT/LatalaMeetsAT:extraDep",
       [["@LatalaMeetsAT:extraDep", "00000000000006bb"]]],
      ["imports",
       [["Lemmas.ATDefs transitive imports (legacy)", "34c89b94492bf014"],
        ["Lemmas.ATDefs:importAllArts", "264d17f77b3ba6fe"],
        ["Mathlib.Analysis.Calculus.ParametricIntegral transitive imports (legacy)",
         "7d107f4a5140e299"],
        ["Mathlib.Analysis.Calculus.ParametricIntegral:importAllArts",
         "d9b4b5c2a68de617"],
        ["Mathlib.Analysis.Calculus.Deriv.MeanValue transitive imports (legacy)",
         "c3ee34a332e0811f"],
        ["Mathlib.Analysis.Calculus.Deriv.MeanValue:importAllArts",
         "96253f1975a09208"],
        ["Mathlib.MeasureTheory.Measure.Lebesgue.Integral transitive imports (legacy)",
         "225202465031b026"],
        ["Mathlib.MeasureTheory.Measure.Lebesgue.Integral:importAllArts",
         "bf1a8dcd30b06c23"],
        ["Mathlib.Analysis.SpecialFunctions.Trigonometric.DerivHyp transitive imports (legacy)",
         "4d05656b95eb9a2b"],
        ["Mathlib.Analysis.SpecialFunctions.Trigonometric.DerivHyp:importAllArts",
         "b6604139267b90c2"],
        ["SpinGlass.Mathlib.Probability.Distributions.GaussianIntegrationByParts transitive imports (legacy)",
         "98be6b2ab580a9d2"],
        ["SpinGlass.Mathlib.Probability.Distributions.GaussianIntegrationByParts:importAllArts",
         "e6a77e0435da1976"]]]]],
    ["libs",
     [["import dynlibs", "00000000000006bb"],
      ["package external libraries", "00000000000006bb"],
      ["module dynlibs", "00000000000006bb"],
      ["module plugins", "00000000000006bb"]]]]],
  ["Lean 4.32.1, commit f054605aea4b840552cca2e725580bffd1e1b704",
   "4ce1780d8d26fd00"],
  ["C:\\Users\\Public\\Github\\Lean\\research_public\\latalaStrictAlmeidaThouless\\Lemmas\\interpolatedAT.lean",
   "99c6d0cb5aef53ba"],
  ["options", "00000000000006bb"],
  ["isModule: false", "feefd2a0d3a1847e"],
  ["Module.name: Lemmas.interpolatedAT", "aec07c8ce93bf495"],
  ["Package.id?: (some LatalaMeetsAT)", "d6e0e2c3e446b395"],
  ["Module.leanArgs: #[]", "00000000000006bb"]],
 "depHash": "a0089bfb0f76125d"}