{"synthetic": false,
 "schemaVersion": "2025-09-10",
 "outputs":
 {"o": ["7b97dbcaf5845a5b.olean"],
  "m": false,
  "i": "4d4aa30cd2900565.ilean",
  "c": "acbf4aceb1d7046a.c"},
 "log":
 [{"message":
   ".> LEAN_PATH=C:\\Users\\Public\\Github\\Lean\\.lake\\packages\\Cli\\.lake\\build\\lib\\lean;C:\\Users\\Public\\Github\\Lean\\.lake\\packages\\batteries\\.lake\\build\\lib\\lean;C:\\Users\\Public\\Github\\Lean\\.lake\\packages\\Qq\\.lake\\build\\lib\\lean;C:\\Users\\Public\\Github\\Lean\\.lake\\packages\\aesop\\.lake\\build\\lib\\lean;C:\\Users\\Public\\Github\\Lean\\.lake\\packages\\proofwidgets\\.lake\\build\\lib\\lean;C:\\Users\\Public\\Github\\Lean\\.lake\\packages\\importGraph\\.lake\\build\\lib\\lean;C:\\Users\\Public\\Github\\Lean\\.lake\\packages\\LeanSearchClient\\.lake\\build\\lib\\lean;C:\\Users\\Public\\Github\\Lean\\.lake\\packages\\plausible\\.lake\\build\\lib\\lean;C:\\Users\\Public\\Github\\Lean\\.lake\\packages\\mathlib\\.lake\\build\\lib\\lean;C:\\Users\\Public\\Github\\Lean\\research_public\\latalaStrictAlmeidaThouless\\.lake\\build\\lib\\lean c:\\Users\\shuta\\.elan\\toolchains\\leanprover--lean4---v4.32.1\\bin\\lean.exe C:\\Users\\Public\\Github\\Lean\\research_public\\latalaStrictAlmeidaThouless\\..\\generalizedLatala\\SpinGlass\\Mathlib\\Probability\\Distributions\\Gaussian_IBP_Hilbert.lean -o C:\\Users\\Public\\Github\\Lean\\research_public\\latalaStrictAlmeidaThouless\\.lake\\build\\lib\\lean\\SpinGlass\\Mathlib\\Probability\\Distributions\\Gaussian_IBP_Hilbert.olean -i C:\\Users\\Public\\Github\\Lean\\research_public\\latalaStrictAlmeidaThouless\\.lake\\build\\lib\\lean\\SpinGlass\\Mathlib\\Probability\\Distributions\\Gaussian_IBP_Hilbert.ilean -c C:\\Users\\Public\\Github\\Lean\\research_public\\latalaStrictAlmeidaThouless\\.lake\\build\\ir\\SpinGlass\\Mathlib\\Probability\\Distributions\\Gaussian_IBP_Hilbert.c --setup C:\\Users\\Public\\Github\\Lean\\research_public\\latalaStrictAlmeidaThouless\\.lake\\build\\ir\\SpinGlass\\Mathlib\\Probability\\Distributions\\Gaussian_IBP_Hilbert.setup.json --json",
   "level": "trace"},
  {"message":
   "../generalizedLatala/SpinGlass/Mathlib/Probability/Distributions/Gaussian_IBP_Hilbert.lean:7:0: 'Mathlib.Data.Real.CompleteField' has been deprecated: please replace this import by\n\nimport Mathlib.Algebra.Order.Archimedean.Real.Hom",
   "level": "warning"},
  {"message":
   "../generalizedLatala/SpinGlass/Mathlib/Probability/Distributions/Gaussian_IBP_Hilbert.lean:209:7: `continuous_finset_sum` has been deprecated: Use `continuous_finsetSum` instead",
   "level": "warning"},
  {"message":
   "../generalizedLatala/SpinGlass/Mathlib/Probability/Distributions/Gaussian_IBP_Hilbert.lean:281:5: `MeasureTheory.integrable_finset_sum` has been deprecated: Use `MeasureTheory.integrable_finsetSum` instead",
   "level": "warning"},
  {"message":
   "../generalizedLatala/SpinGlass/Mathlib/Probability/Distributions/Gaussian_IBP_Hilbert.lean:651:21: `MeasureTheory.integrable_finset_sum` has been deprecated: Use `MeasureTheory.integrable_finsetSum` instead",
   "level": "warning"},
  {"message":
   "../generalizedLatala/SpinGlass/Mathlib/Probability/Distributions/Gaussian_IBP_Hilbert.lean:664:13: `continuous_finset_sum` has been deprecated: Use `continuous_finsetSum` instead",
   "level": "warning"},
  {"message":
   "../generalizedLatala/SpinGlass/Mathlib/Probability/Distributions/Gaussian_IBP_Hilbert.lean:932:7: `MeasureTheory.integrable_finset_sum` has been deprecated: Use `MeasureTheory.integrable_finsetSum` instead",
   "level": "warning"},
  {"message":
   "../generalizedLatala/SpinGlass/Mathlib/Probability/Distributions/Gaussian_IBP_Hilbert.lean:1071:5: `MeasureTheory.integral_finset_sum` has been deprecated: Use `MeasureTheory.integral_finsetSum` instead",
   "level": "warning"},
  {"message":
   "../generalizedLatala/SpinGlass/Mathlib/Probability/Distributions/Gaussian_IBP_Hilbert.lean:1168:13: `ContinuousLinearMap.sum_apply` has been deprecated: Use `sum_apply` instead\n\nNote: The updated constant is in a different namespace. Dot notation may need to be changed (e.g., from `x.sum_apply` to `sum_apply x`).",
   "level": "warning"},
  {"message":
   "../generalizedLatala/SpinGlass/Mathlib/Probability/Distributions/Gaussian_IBP_Hilbert.lean:1989:6: `continuous_finset_sum` has been deprecated: Use `continuous_finsetSum` instead",
   "level": "warning"},
  {"message":
   "../generalizedLatala/SpinGlass/Mathlib/Probability/Distributions/Gaussian_IBP_Hilbert.lean:2809:8: `continuous_finset_sum` has been deprecated: Use `continuous_finsetSum` instead",
   "level": "warning"},
  {"message":
   "../generalizedLatala/SpinGlass/Mathlib/Probability/Distributions/Gaussian_IBP_Hilbert.lean:2837:8: `continuous_finset_sum` has been deprecated: Use `continuous_finsetSum` instead",
   "level": "warning"},
  {"message":
   "../generalizedLatala/SpinGlass/Mathlib/Probability/Distributions/Gaussian_IBP_Hilbert.lean:3025:8: `continuous_finset_sum` has been deprecated: Use `continuous_finsetSum` instead",
   "level": "warning"},
  {"message":
   "../generalizedLatala/SpinGlass/Mathlib/Probability/Distributions/Gaussian_IBP_Hilbert.lean:3058:8: `continuous_finset_sum` has been deprecated: Use `continuous_finsetSum` instead",
   "level": "warning"}],
 "inputs":
 [["SpinGlass.Mathlib.Probability.Distributions.Gaussian_IBP_Hilbert:deps",
   [["deps",
     [["LatalaMeetsAT/GeneralizedSupport:extraDep",
       [["@LatalaMeetsAT:extraDep", "00000000000006bb"]]],
      ["imports",
       [["Mathlib.Algebra.Order.Ring.Star transitive imports (legacy)",
         "1657a5b087496bc8"],
        ["Mathlib.Algebra.Order.Ring.Star:importAllArts", "ec1f054e8b66aadc"],
        ["Mathlib.Analysis.InnerProductSpace.Adjoint transitive imports (legacy)",
         "3693c7257638b8f0"],
        ["Mathlib.Analysis.InnerProductSpace.Adjoint:importAllArts",
         "554a93207b472b39"],
        ["Mathlib.Data.Real.CompleteField transitive imports (legacy)",
         "06109d3da3ee9e9e"],
        ["Mathlib.Data.Real.CompleteField:importAllArts", "5b0fd67c0928279d"],
        ["SpinGlass.Mathlib.Probability.Distributions.GaussianIntegrationByParts transitive imports (legacy)",
         "98be6b2ab580a9d2"],
        ["SpinGlass.Mathlib.Probability.Distributions.GaussianIntegrationByParts:importAllArts",
         "e6a77e0435da1976"]]]]],
    ["libs",
     [["import dynlibs", "00000000000006bb"],
      ["package external libraries", "00000000000006bb"],
      ["module dynlibs", "00000000000006bb"],
      ["module plugins", "00000000000006bb"]]]]],
  ["Lean 4.32.1, commit f054605aea4b840552cca2e725580bffd1e1b704",
   "4ce1780d8d26fd00"],
  ["C:\\Users\\Public\\Github\\Lean\\research_public\\latalaStrictAlmeidaThouless\\..\\generalizedLatala\\SpinGlass\\Mathlib\\Probability\\Distributions\\Gaussian_IBP_Hilbert.lean",
   "84f0be0c097259fe"],
  ["options", "00000000000006bb"],
  ["isModule: false", "feefd2a0d3a1847e"],
  ["Module.name: SpinGlass.Mathlib.Probability.Distributions.Gaussian_IBP_Hilbert",
   "92c0b259cab2bfe9"],
  ["Package.id?: (some LatalaMeetsAT)", "d6e0e2c3e446b395"],
  ["Module.leanArgs: #[]", "00000000000006bb"]],
 "depHash": "987b52f7d4ea5974"}