This is pdfTeX, Version 3.141592653-2.6-1.40.28 (TeX Live 2025) (preloaded format=pdflatex 2026.2.1)  27 AUG 2026 22:15
entering extended mode
 restricted \write18 enabled.
 file:line:error style messages enabled.
 %&-line parsing enabled.
**c:/Users/Public/Github/Lean/research_public/RSAT/refs/combined.tex
(c:/Users/Public/Github/Lean/research_public/RSAT/refs/combined.tex
LaTeX2e <2025-11-01>
L3 programming layer <2026-01-19>
(c:/texlive/2025/texmf-dist/tex/latex/base/article.cls
Document Class: article 2025/01/22 v1.4n Standard LaTeX document class
(c:/texlive/2025/texmf-dist/tex/latex/base/size11.clo
File: size11.clo 2025/01/22 v1.4n Standard LaTeX file (size option)
)
\c@part=\count275
\c@section=\count276
\c@subsection=\count277
\c@subsubsection=\count278
\c@paragraph=\count279
\c@subparagraph=\count280
\c@figure=\count281
\c@table=\count282
\abovecaptionskip=\skip49
\belowcaptionskip=\skip50
\bibindent=\dimen148
) (c:/texlive/2025/texmf-dist/tex/latex/geometry/geometry.sty
Package: geometry 2020/01/02 v5.9 Page Geometry
 (c:/texlive/2025/texmf-dist/tex/latex/graphics/keyval.sty
Package: keyval 2022/05/29 v1.15 key=value parser (DPC)
\KV@toks@=\toks17
) (c:/texlive/2025/texmf-dist/tex/generic/iftex/ifvtex.sty
Package: ifvtex 2019/10/25 v1.7 ifvtex legacy package. Use iftex instead.
 (c:/texlive/2025/texmf-dist/tex/generic/iftex/iftex.sty
Package: iftex 2024/12/12 v1.0g TeX engine tests
))
\Gm@cnth=\count283
\Gm@cntv=\count284
\c@Gm@tempcnt=\count285
\Gm@bindingoffset=\dimen149
\Gm@wd@mp=\dimen150
\Gm@odd@mp=\dimen151
\Gm@even@mp=\dimen152
\Gm@layoutwidth=\dimen153
\Gm@layoutheight=\dimen154
\Gm@layouthoffset=\dimen155
\Gm@layoutvoffset=\dimen156
\Gm@dimlist=\toks18
) (c:/texlive/2025/texmf-dist/tex/latex/amsmath/amsmath.sty
Package: amsmath 2025/07/09 v2.17z AMS math features
\@mathmargin=\skip51

For additional information on amsmath, use the `?' option.
(c:/texlive/2025/texmf-dist/tex/latex/amsmath/amstext.sty
Package: amstext 2024/11/17 v2.01 AMS text
 (c:/texlive/2025/texmf-dist/tex/latex/amsmath/amsgen.sty
File: amsgen.sty 1999/11/30 v2.0 generic functions
\@emptytoks=\toks19
\ex@=\dimen157
)) (c:/texlive/2025/texmf-dist/tex/latex/amsmath/amsbsy.sty
Package: amsbsy 1999/11/29 v1.2d Bold Symbols
\pmbraise@=\dimen158
) (c:/texlive/2025/texmf-dist/tex/latex/amsmath/amsopn.sty
Package: amsopn 2022/04/08 v2.04 operator names
)
\inf@bad=\count286
LaTeX Info: Redefining \frac on input line 233.
\uproot@=\count287
\leftroot@=\count288
LaTeX Info: Redefining \overline on input line 398.
LaTeX Info: Redefining \colon on input line 409.
\classnum@=\count289
\DOTSCASE@=\count290
LaTeX Info: Redefining \ldots on input line 495.
LaTeX Info: Redefining \dots on input line 498.
LaTeX Info: Redefining \cdots on input line 619.
\Mathstrutbox@=\box53
\strutbox@=\box54
LaTeX Info: Redefining \big on input line 721.
LaTeX Info: Redefining \Big on input line 722.
LaTeX Info: Redefining \bigg on input line 723.
LaTeX Info: Redefining \Bigg on input line 724.
\big@size=\dimen159
LaTeX Font Info:    Redeclaring font encoding OML on input line 742.
LaTeX Font Info:    Redeclaring font encoding OMS on input line 743.
\macc@depth=\count291
LaTeX Info: Redefining \bmod on input line 904.
LaTeX Info: Redefining \pmod on input line 909.
LaTeX Info: Redefining \smash on input line 939.
LaTeX Info: Redefining \relbar on input line 969.
LaTeX Info: Redefining \Relbar on input line 970.
\c@MaxMatrixCols=\count292
\dotsspace@=\muskip17
\c@parentequation=\count293
\dspbrk@lvl=\count294
\tag@help=\toks20
\row@=\count295
\column@=\count296
\maxfields@=\count297
\andhelp@=\toks21
\eqnshift@=\dimen160
\alignsep@=\dimen161
\tagshift@=\dimen162
\tagwidth@=\dimen163
\totwidth@=\dimen164
\lineht@=\dimen165
\@envbody=\toks22
\multlinegap=\skip52
\multlinetaggap=\skip53
\mathdisplay@stack=\toks23
LaTeX Info: Redefining \[ on input line 2950.
LaTeX Info: Redefining \] on input line 2951.
) (c:/texlive/2025/texmf-dist/tex/latex/amsfonts/amssymb.sty
Package: amssymb 2013/01/14 v3.01 AMS font symbols
 (c:/texlive/2025/texmf-dist/tex/latex/amsfonts/amsfonts.sty
Package: amsfonts 2013/01/14 v3.01 Basic AMSFonts support
\symAMSa=\mathgroup4
\symAMSb=\mathgroup5
LaTeX Font Info:    Redeclaring math symbol \hbar on input line 98.
LaTeX Font Info:    Overwriting math alphabet `\mathfrak' in version `bold'
(Font)                  U/euf/m/n --> U/euf/b/n on input line 106.
)) (c:/texlive/2025/texmf-dist/tex/latex/amscls/amsthm.sty
Package: amsthm 2020/05/29 v2.20.6
\thm@style=\toks24
\thm@bodyfont=\toks25
\thm@headfont=\toks26
\thm@notefont=\toks27
\thm@headpunct=\toks28
\thm@preskip=\skip54
\thm@postskip=\skip55
\thm@headsep=\skip56
\dth@everypar=\toks29
) (c:/texlive/2025/texmf-dist/tex/latex/mathtools/mathtools.sty
Package: mathtools 2024/10/04 v1.31 mathematical typesetting tools
 (c:/texlive/2025/texmf-dist/tex/latex/tools/calc.sty
Package: calc 2025/03/01 v4.3b Infix arithmetic (KKT,FJ)
\calc@Acount=\count298
\calc@Bcount=\count299
\calc@Adimen=\dimen166
\calc@Bdimen=\dimen167
\calc@Askip=\skip57
\calc@Bskip=\skip58
LaTeX Info: Redefining \setlength on input line 86.
LaTeX Info: Redefining \addtolength on input line 87.
\calc@Ccount=\count300
\calc@Cskip=\skip59
) (c:/texlive/2025/texmf-dist/tex/latex/mathtools/mhsetup.sty
Package: mhsetup 2021/03/18 v1.4 programming setup (MH)
)
\g_MT_multlinerow_int=\count301
\l_MT_multwidth_dim=\dimen168
\origjot=\skip60
\l_MT_shortvdotswithinadjustabove_dim=\dimen169
\l_MT_shortvdotswithinadjustbelow_dim=\dimen170
\l_MT_above_intertext_sep=\dimen171
\l_MT_below_intertext_sep=\dimen172
\l_MT_above_shortintertext_sep=\dimen173
\l_MT_below_shortintertext_sep=\dimen174
\xmathstrut@box=\box55
\xmathstrut@dim=\dimen175
) (c:/texlive/2025/texmf-dist/tex/latex/tools/bm.sty
Package: bm 2025/10/21 v1.2g Bold Symbol Support (DPC/FMi)
\symboldoperators=\mathgroup6
\symboldletters=\mathgroup7
\symboldsymbols=\mathgroup8
Package bm Info: No bold for \OMX/cmex/m/n, using \pmb.
Package bm Info: No bold for \U/msa/m/n, using \pmb.
Package bm Info: No bold for \U/msb/m/n, using \pmb.
LaTeX Font Info:    Redeclaring math alphabet \mathbf on input line 149.
) (c:/texlive/2025/texmf-dist/tex/latex/xcolor/xcolor.sty
Package: xcolor 2024/09/29 v3.02 LaTeX color extensions (UK)
 (c:/texlive/2025/texmf-dist/tex/latex/graphics-cfg/color.cfg
File: color.cfg 2016/01/02 v1.6 sample color configuration
)
Package xcolor Info: Driver file: pdftex.def on input line 274.
 (c:/texlive/2025/texmf-dist/tex/latex/graphics-def/pdftex.def
File: pdftex.def 2025/09/29 v1.2d Graphics/color driver for pdftex
) (c:/texlive/2025/texmf-dist/tex/latex/graphics/mathcolor.ltx)
Package xcolor Info: Model `cmy' substituted by `cmy0' on input line 1349.
Package xcolor Info: Model `hsb' substituted by `rgb' on input line 1353.
Package xcolor Info: Model `RGB' extended on input line 1365.
Package xcolor Info: Model `HTML' substituted by `rgb' on input line 1367.
Package xcolor Info: Model `Hsb' substituted by `hsb' on input line 1368.
Package xcolor Info: Model `tHsb' substituted by `hsb' on input line 1369.
Package xcolor Info: Model `HSB' substituted by `hsb' on input line 1370.
Package xcolor Info: Model `Gray' substituted by `gray' on input line 1371.
Package xcolor Info: Model `wave' substituted by `hsb' on input line 1372.
) (c:/texlive/2025/texmf-dist/tex/latex/enumitem/enumitem.sty
Package: enumitem 2025/02/06 v3.11 Customized lists
\labelindent=\skip61
\enit@outerparindent=\dimen176
\enit@toks=\toks30
\enit@inbox=\box56
\enit@count@id=\count302
\enitdp@description=\count303
) (c:/texlive/2025/texmf-dist/tex/latex/graphics/graphicx.sty
Package: graphicx 2024/12/31 v1.2e Enhanced LaTeX Graphics (DPC,SPQR)
 (c:/texlive/2025/texmf-dist/tex/latex/graphics/graphics.sty
Package: graphics 2024/08/06 v1.4g Standard LaTeX Graphics (DPC,SPQR)
 (c:/texlive/2025/texmf-dist/tex/latex/graphics/trig.sty
Package: trig 2023/12/02 v1.11 sin cos tan (DPC)
) (c:/texlive/2025/texmf-dist/tex/latex/graphics-cfg/graphics.cfg
File: graphics.cfg 2016/06/04 v1.11 sample graphics configuration
)
Package graphics Info: Driver file: pdftex.def on input line 106.
)
\Gin@req@height=\dimen177
\Gin@req@width=\dimen178
) (c:/texlive/2025/texmf-dist/tex/latex/hyperref/hyperref.sty
Package: hyperref 2026-01-29 v7.01p Hypertext links for LaTeX
 (c:/texlive/2025/texmf-dist/tex/latex/kvsetkeys/kvsetkeys.sty
Package: kvsetkeys 2022-10-05 v1.19 Key value parser (HO)
) (c:/texlive/2025/texmf-dist/tex/generic/kvdefinekeys/kvdefinekeys.sty
Package: kvdefinekeys 2019-12-19 v1.6 Define keys (HO)
) (c:/texlive/2025/texmf-dist/tex/generic/pdfescape/pdfescape.sty
Package: pdfescape 2019/12/09 v1.15 Implements pdfTeX's escape features (HO)
 (c:/texlive/2025/texmf-dist/tex/generic/ltxcmds/ltxcmds.sty
Package: ltxcmds 2023-12-04 v1.26 LaTeX kernel commands for general use (HO)
) (c:/texlive/2025/texmf-dist/tex/generic/pdftexcmds/pdftexcmds.sty
Package: pdftexcmds 2020-06-27 v0.33 Utility functions of pdfTeX for LuaTeX (HO)
 (c:/texlive/2025/texmf-dist/tex/generic/infwarerr/infwarerr.sty
Package: infwarerr 2019/12/03 v1.5 Providing info/warning/error messages (HO)
)
Package pdftexcmds Info: \pdf@primitive is available.
Package pdftexcmds Info: \pdf@ifprimitive is available.
Package pdftexcmds Info: \pdfdraftmode found.
)) (c:/texlive/2025/texmf-dist/tex/latex/hycolor/hycolor.sty
Package: hycolor 2020-01-27 v1.10 Color options for hyperref/bookmark (HO)
) (c:/texlive/2025/texmf-dist/tex/latex/hyperref/nameref.sty
Package: nameref 2026-01-29 v2.58 Cross-referencing by name of section
 (c:/texlive/2025/texmf-dist/tex/latex/refcount/refcount.sty
Package: refcount 2019/12/15 v3.6 Data extraction from label references (HO)
) (c:/texlive/2025/texmf-dist/tex/generic/gettitlestring/gettitlestring.sty
Package: gettitlestring 2019/12/15 v1.6 Cleanup title references (HO)
 (c:/texlive/2025/texmf-dist/tex/latex/kvoptions/kvoptions.sty
Package: kvoptions 2022-06-15 v3.15 Key value format for package options (HO)
))
\c@section@level=\count304
) (c:/texlive/2025/texmf-dist/tex/latex/etoolbox/etoolbox.sty
Package: etoolbox 2025/10/02 v2.5m e-TeX tools for LaTeX (JAW)
\etb@tempcnta=\count305
) (c:/texlive/2025/texmf-dist/tex/generic/stringenc/stringenc.sty
Package: stringenc 2019/11/29 v1.12 Convert strings between diff. encodings (HO)
)
\@linkdim=\dimen179
\Hy@linkcounter=\count306
\Hy@pagecounter=\count307
 (c:/texlive/2025/texmf-dist/tex/latex/hyperref/pd1enc.def
File: pd1enc.def 2026-01-29 v7.01p Hyperref: PDFDocEncoding definition (HO)
Now handling font encoding PD1 ...
... no UTF-8 mapping file for font encoding PD1
) (c:/texlive/2025/texmf-dist/tex/generic/intcalc/intcalc.sty
Package: intcalc 2019/12/15 v1.3 Expandable calculations with integers (HO)
)
\Hy@SavedSpaceFactor=\count308
 (c:/texlive/2025/texmf-dist/tex/latex/hyperref/puenc.def
File: puenc.def 2026-01-29 v7.01p Hyperref: PDF Unicode definition (HO)
Now handling font encoding PU ...
... no UTF-8 mapping file for font encoding PU
)
Package hyperref Info: Hyper figures OFF on input line 4201.
Package hyperref Info: Link nesting OFF on input line 4206.
Package hyperref Info: Hyper index ON on input line 4209.
Package hyperref Info: Plain pages OFF on input line 4216.
Package hyperref Info: Backreferencing OFF on input line 4221.
Package hyperref Info: Implicit mode ON; LaTeX internals redefined.
Package hyperref Info: Bookmarks ON on input line 4468.
\c@Hy@tempcnt=\count309
 (c:/texlive/2025/texmf-dist/tex/latex/url/url.sty
\Urlmuskip=\muskip18
Package: url 2013/09/16  ver 3.4  Verb mode for urls, etc.
)
LaTeX Info: Redefining \url on input line 4807.
\XeTeXLinkMargin=\dimen180
 (c:/texlive/2025/texmf-dist/tex/generic/bitset/bitset.sty
Package: bitset 2019/12/09 v1.3 Handle bit-vector datatype (HO)
 (c:/texlive/2025/texmf-dist/tex/generic/bigintcalc/bigintcalc.sty
Package: bigintcalc 2019/12/15 v1.5 Expandable calculations on big integers (HO)
))
\Fld@menulength=\count310
\Field@Width=\dimen181
\Fld@charsize=\dimen182
Package hyperref Info: Hyper figures OFF on input line 6084.
Package hyperref Info: Link nesting OFF on input line 6089.
Package hyperref Info: Hyper index ON on input line 6092.
Package hyperref Info: backreferencing OFF on input line 6099.
Package hyperref Info: Link coloring OFF on input line 6104.
Package hyperref Info: Link coloring with OCG OFF on input line 6109.
Package hyperref Info: PDF/A mode OFF on input line 6114.
\Hy@abspage=\count311
\c@Item=\count312
\c@Hfootnote=\count313
)
Package hyperref Info: Driver (autodetected): hpdftex.
 (c:/texlive/2025/texmf-dist/tex/latex/hyperref/hpdftex.def
File: hpdftex.def 2026-01-29 v7.01p Hyperref driver for pdfTeX
\Fld@listcount=\count314
\c@bookmark@seq@number=\count315
 (c:/texlive/2025/texmf-dist/tex/latex/rerunfilecheck/rerunfilecheck.sty
Package: rerunfilecheck 2025-06-21 v1.11 Rerun checks for auxiliary files (HO)
 (c:/texlive/2025/texmf-dist/tex/generic/uniquecounter/uniquecounter.sty
Package: uniquecounter 2019/12/15 v1.4 Provide unlimited unique counter (HO)
)
Package uniquecounter Info: New unique counter `rerunfilecheck' on input line 284.
)
\Hy@SectionHShift=\skip62
) (c:/texlive/2025/texmf-dist/tex/latex/booktabs/booktabs.sty
Package: booktabs 2020/01/12 v1.61803398 Publication quality tables
\heavyrulewidth=\dimen183
\lightrulewidth=\dimen184
\cmidrulewidth=\dimen185
\belowrulesep=\dimen186
\belowbottomsep=\dimen187
\aboverulesep=\dimen188
\abovetopsep=\dimen189
\cmidrulesep=\dimen190
\cmidrulekern=\dimen191
\defaultaddspace=\dimen192
\@cmidla=\count316
\@cmidlb=\count317
\@aboverulesep=\dimen193
\@belowrulesep=\dimen194
\@thisruleclass=\count318
\@lastruleclass=\count319
\@thisrulewidth=\dimen195
)
Package hyperref Info: Option `colorlinks' set `true' on input line 17.
\c@theorem=\count320
 (c:/texlive/2025/texmf-dist/tex/latex/l3backend/l3backend-pdftex.def
File: l3backend-pdftex.def 2025-10-09 L3 backend support: PDF output (pdfTeX)
\l__color_backend_stack_int=\count321
) (./combined.aux)
\openout1 = `combined.aux'.

LaTeX Font Info:    Checking defaults for OML/cmm/m/it on input line 54.
LaTeX Font Info:    ... okay on input line 54.
LaTeX Font Info:    Checking defaults for OMS/cmsy/m/n on input line 54.
LaTeX Font Info:    ... okay on input line 54.
LaTeX Font Info:    Checking defaults for OT1/cmr/m/n on input line 54.
LaTeX Font Info:    ... okay on input line 54.
LaTeX Font Info:    Checking defaults for T1/cmr/m/n on input line 54.
LaTeX Font Info:    ... okay on input line 54.
LaTeX Font Info:    Checking defaults for TS1/cmr/m/n on input line 54.
LaTeX Font Info:    ... okay on input line 54.
LaTeX Font Info:    Checking defaults for OMX/cmex/m/n on input line 54.
LaTeX Font Info:    ... okay on input line 54.
LaTeX Font Info:    Checking defaults for U/cmr/m/n on input line 54.
LaTeX Font Info:    ... okay on input line 54.
LaTeX Font Info:    Checking defaults for PD1/pdf/m/n on input line 54.
LaTeX Font Info:    ... okay on input line 54.
LaTeX Font Info:    Checking defaults for PU/pdf/m/n on input line 54.
LaTeX Font Info:    ... okay on input line 54.

*geometry* driver: auto-detecting
*geometry* detected driver: pdftex
*geometry* verbose mode - [ preamble ] result:
* driver: pdftex
* paper: <default>
* layout: <same size as paper>
* layoutoffset:(h,v)=(0.0pt,0.0pt)
* modes: 
* h-part:(L,W,R)=(72.26999pt, 469.75502pt, 72.26999pt)
* v-part:(T,H,B)=(72.26999pt, 650.43001pt, 72.26999pt)
* \paperwidth=614.295pt
* \paperheight=794.96999pt
* \textwidth=469.75502pt
* \textheight=650.43001pt
* \oddsidemargin=0.0pt
* \evensidemargin=0.0pt
* \topmargin=-37.0pt
* \headheight=12.0pt
* \headsep=25.0pt
* \topskip=11.0pt
* \footskip=30.0pt
* \marginparwidth=59.0pt
* \marginparsep=10.0pt
* \columnsep=10.0pt
* \skip\footins=10.0pt plus 4.0pt minus 2.0pt
* \hoffset=0.0pt
* \voffset=0.0pt
* \mag=1000
* \@twocolumnfalse
* \@twosidefalse
* \@mparswitchfalse
* \@reversemarginfalse
* (1in=72.27pt=25.4mm, 1cm=28.453pt)

(c:/texlive/2025/texmf-dist/tex/context/base/mkii/supp-pdf.mkii
[Loading MPS to PDF converter (version 2006.09.02).]
\scratchcounter=\count322
\scratchdimen=\dimen196
\scratchbox=\box57
\nofMPsegments=\count323
\nofMParguments=\count324
\everyMPshowfont=\toks31
\MPscratchCnt=\count325
\MPscratchDim=\dimen197
\MPnumerator=\count326
\makeMPintoPDFobject=\count327
\everyMPtoPDFconversion=\toks32
) (c:/texlive/2025/texmf-dist/tex/latex/epstopdf-pkg/epstopdf-base.sty
Package: epstopdf-base 2020-01-24 v2.11 Base part for package epstopdf
Package epstopdf-base Info: Redefining graphics rule for `.eps' on input line 485.
 (c:/texlive/2026/texmf-dist/tex/latex/latexconfig/epstopdf-sys.cfg
File: epstopdf-sys.cfg 2010/07/13 v1.3 Configuration of (r)epstopdf for TeX Live
))
Package hyperref Info: Link coloring ON on input line 54.
 (./combined.out) (./combined.out)
\@outlinefile=\write3
\openout3 = `combined.out'.

LaTeX Font Info:    Trying to load font information for U+msa on input line 56.
 (c:/texlive/2026/texmf-dist/tex/latex/amsfonts/umsa.fd
File: umsa.fd 2013/01/14 v3.01 AMS symbols A
)
LaTeX Font Info:    Trying to load font information for U+msb on input line 56.
 (c:/texlive/2026/texmf-dist/tex/latex/amsfonts/umsb.fd
File: umsb.fd 2013/01/14 v3.01 AMS symbols B
)
Overfull \hbox (3.21811pt too wide) in paragraph at lines 69--71
\OT1/cmr/m/n/10 in the de Almeida--Thouless re-gion, which was re-cently es-tab-lished by Lopatto [arXiv:2604.11921].
 []

[1

{c:/texlive/2026/texmf-var/fonts/map/pdftex/updmap/pdftex.map}{c:/texlive/2026/texmf-dist/fonts/enc/dvips/cm-super/cm-super-ts1.enc}] [2]
Overfull \hbox (3.9214pt too wide) in paragraph at lines 232--233
[]\OT1/cmr/m/n/10.95 It is worth not-ing that the es-ti-mate above was pre-vi-ously known in a suf-fi-ciently high-temperature
 []

[3] [4] [5]
LaTeX Font Info:    Trying to load font information for U+euf on input line 292.
 (c:/texlive/2026/texmf-dist/tex/latex/amsfonts/ueuf.fd
File: ueuf.fd 2013/01/14 v3.01 Euler Fraktur
) [6] [7] [8] [9] [10] [11] [12] [13] [14] [15] [16] [17] [18] [19] [20] [21] [22] [23] [24] [25] [26]

Package hyperref Warning: Token not allowed in a PDF string (Unicode):
(hyperref)                removing `\hbox' on input line 2200.


Package hyperref Warning: Token not allowed in a PDF string (Unicode):
(hyperref)                removing `\mathsurround' on input line 2200.


Package hyperref Warning: Token not allowed in a PDF string (Unicode):
(hyperref)                removing `\z@' on input line 2200.


Package hyperref Warning: Token not allowed in a PDF string (Unicode):
(hyperref)                removing `\unskip' on input line 2200.


Package hyperref Warning: Token not allowed in a PDF string (Unicode):
(hyperref)                removing `\@@italiccorr' on input line 2200.


Package hyperref Warning: Token not allowed in a PDF string (Unicode):
(hyperref)                removing `\hbox' on input line 2223.


Package hyperref Warning: Token not allowed in a PDF string (Unicode):
(hyperref)                removing `\mathsurround' on input line 2223.


Package hyperref Warning: Token not allowed in a PDF string (Unicode):
(hyperref)                removing `\z@' on input line 2223.


Package hyperref Warning: Token not allowed in a PDF string (Unicode):
(hyperref)                removing `\unskip' on input line 2223.


Package hyperref Warning: Token not allowed in a PDF string (Unicode):
(hyperref)                removing `\@@italiccorr' on input line 2223.

[27]

Package hyperref Warning: Token not allowed in a PDF string (Unicode):
(hyperref)                removing `\hbox' on input line 2234.


Package hyperref Warning: Token not allowed in a PDF string (Unicode):
(hyperref)                removing `\mathsurround' on input line 2234.


Package hyperref Warning: Token not allowed in a PDF string (Unicode):
(hyperref)                removing `\z@' on input line 2234.


Package hyperref Warning: Token not allowed in a PDF string (Unicode):
(hyperref)                removing `\unskip' on input line 2234.


Package hyperref Warning: Token not allowed in a PDF string (Unicode):
(hyperref)                removing `\@@italiccorr' on input line 2234.

[28] [29] [30] [31] [32] [33] [34] [35] [36] [37] [38] [39] [40] [41] (./combined.aux
./combined.aux:249: Extra }, or forgotten \endgroup.
l.249 ...m for the overlap}{equation.6.44}{}}6.44}
                                                  {}}
I've deleted a group-closing symbol because it seems to be
spurious, as in `$x}$'. But perhaps the } is legitimate and
you forgot something else, as in `\hbox{$x}'. In such cases
the way to recover is to insert both the forgotten and the
deleted material, e.g., by typing `I$}'.

./combined.aux:249: Extra }, or forgotten \endgroup.
l.249 ...or the overlap}{equation.6.44}{}}6.44}{}}
                                                  
I've deleted a group-closing symbol because it seems to be
spurious, as in `$x}$'. But perhaps the } is legitimate and
you forgot something else, as in `\hbox{$x}'. In such cases
the way to recover is to insert both the forgotten and the
deleted material, e.g., by typing `I$}'.

)
 ***********
LaTeX2e <2026-06-01>
L3 programming layer <2026-06-18>
 ***********


LaTeX Warning: Label(s) may have changed. Rerun to get cross-references right.


Package rerunfilecheck Warning: File `combined.out' has changed.
(rerunfilecheck)                Rerun to get outlines right
(rerunfilecheck)                or use package `bookmark'.

Package rerunfilecheck Info: Checksums for `combined.out':
(rerunfilecheck)             Before: 0F072C14F07BC048895633C3621D4BC4;5508
(rerunfilecheck)             After:  298FC11C573FC4D8DE83391BBC92C757;5538.
 ) 
Here is how much of TeX's memory you used:
 12589 strings out of 467168
 192447 string characters out of 5413706
 652569 words of memory out of 5000000
 41358 multiletter control sequences out of 15000+600000
 650180 words of font info for 122 fonts, out of 8000000 for 9000
 1141 hyphenation exceptions out of 8191
 74i,16n,79p,1297b,626s stack positions out of 10000i,1000n,20000p,200000b,200000s

pdfTeX warning (dest): name{theorem.3.3} has been referenced but does not exist, replaced by a fixed one


pdfTeX warning (dest): name{theorem.3.1} has been referenced but does not exist, replaced by a fixed one


pdfTeX warning (dest): name{theorem.2.5} has been referenced but does not exist, replaced by a fixed one


pdfTeX warning (dest): name{theorem.2.2} has been referenced but does not exist, replaced by a fixed one


pdfTeX warning (dest): name{theorem.2.1} has been referenced but does not exist, replaced by a fixed one


pdfTeX warning (dest): name{theorem.4.1} has been referenced but does not exist, replaced by a fixed one

<c:/texlive/2026/texmf-dist/fonts/type1/public/amsfonts/cm/cmbx10.pfb><c:/texlive/2026/texmf-dist/fonts/type1/public/amsfonts/cm/cmbx12.pfb><c:/texlive/2026/texmf-dist/fonts/type1/public/amsfonts/cm/cmex10.pfb><c:/texlive/2026/texmf-dist/fonts/type1/public/amsfonts/cmextra/cmex8.pfb><c:/texlive/2026/texmf-dist/fonts/type1/public/amsfonts/cm/cmmi10.pfb><c:/texlive/2026/texmf-dist/fonts/type1/public/amsfonts/cm/cmmi6.pfb><c:/texlive/2026/texmf-dist/fonts/type1/public/amsfonts/cm/cmmi8.pfb><c:/texlive/2026/texmf-dist/fonts/type1/public/amsfonts/cm/cmmi9.pfb><c:/texlive/2026/texmf-dist/fonts/type1/public/amsfonts/cm/cmmib10.pfb><c:/texlive/2026/texmf-dist/fonts/type1/public/amsfonts/cmextra/cmmib8.pfb><c:/texlive/2026/texmf-dist/fonts/type1/public/amsfonts/cm/cmr10.pfb><c:/texlive/2026/texmf-dist/fonts/type1/public/amsfonts/cm/cmr12.pfb><c:/texlive/2026/texmf-dist/fonts/type1/public/amsfonts/cm/cmr17.pfb><c:/texlive/2026/texmf-dist/fonts/type1/public/amsfonts/cm/cmr6.pfb><c:/texlive/2026/texmf-dist/fonts/type1/public/amsfonts/cm/cmr7.pfb><c:/texlive/2026/texmf-dist/fonts/type1/public/amsfonts/cm/cmr8.pfb><c:/texlive/2026/texmf-dist/fonts/type1/public/amsfonts/cm/cmr9.pfb><c:/texlive/2026/texmf-dist/fonts/type1/public/amsfonts/cm/cmss10.pfb><c:/texlive/2026/texmf-dist/fonts/type1/public/amsfonts/cm/cmss8.pfb><c:/texlive/2026/texmf-dist/fonts/type1/public/amsfonts/cm/cmsy10.pfb><c:/texlive/2026/texmf-dist/fonts/type1/public/amsfonts/cm/cmsy6.pfb><c:/texlive/2026/texmf-dist/fonts/type1/public/amsfonts/cm/cmsy7.pfb><c:/texlive/2026/texmf-dist/fonts/type1/public/amsfonts/cm/cmsy8.pfb><c:/texlive/2026/texmf-dist/fonts/type1/public/amsfonts/cm/cmsy9.pfb><c:/texlive/2026/texmf-dist/fonts/type1/public/amsfonts/cm/cmti10.pfb><c:/texlive/2026/texmf-dist/fonts/type1/public/amsfonts/cm/cmtt10.pfb><c:/texlive/2026/texmf-dist/fonts/type1/public/amsfonts/cm/cmtt9.pfb><c:/texlive/2026/texmf-dist/fonts/type1/public/amsfonts/euler/eufm10.pfb><c:/texlive/2026/texmf-dist/fonts/type1/public/amsfonts/symbols/msam10.pfb><c:/texlive/2026/texmf-dist/fonts/type1/public/amsfonts/symbols/msbm10.pfb><c:/texlive/2026/texmf-dist/fonts/type1/public/cm-super/sfrm0600.pfb><c:/texlive/2026/texmf-dist/fonts/type1/public/cm-super/sfrm0800.pfb>
Output written on combined.pdf (41 pages, 557428 bytes).
PDF statistics:
 1052 PDF objects out of 1200 (max. 8388607)
 935 compressed objects within 10 object streams
 314 named destinations out of 1000 (max. 500000)
 177 words of extra memory for PDF output out of 10000 (max. 10000000)

 11 undefined on input line 790.


LaTeX Warning: Reference `eq:linearATsign' on page 11 undefined on input line 804.

[11] [12] [13]

LaTeX Warning: Reference `app:specialGT' on page 14 undefined on input line 990.


LaTeX Warning: Reference `eq:RSpathvalue' on page 14 undefined on input line 1019.


LaTeX Warning: Reference `lem:specialGT' on page 14 undefined on input line 1030.


LaTeX Warning: Reference `app:specialGT' on page 14 undefined on input line 1030.


LaTeX Warning: Citation `Talagrand' on page 14 undefined on input line 1030.


LaTeX Warning: Citation `ChenGT' on page 14 undefined on input line 1030.

[14]

LaTeX Warning: Reference `eq:U-conditional-recursion' on page 15 undefined on input line 1055.


LaTeX Warning: Reference `eq:U-first-derivative-recursion' on page 15 undefined on input line 1155.


LaTeX Warning: Reference `eq:U-second-derivative-recursion' on page 15 undefined on input line 1161.


LaTeX Warning: Reference `eq:relationXU' on page 15 undefined on input line 1174.

[15]

LaTeX Warning: Reference `eq:estd2U' on page 16 undefined on input line 1186.


LaTeX Warning: Reference `eq:U-lambda-derivative-bounds' on page 16 undefined on input line 1187.


LaTeX Warning: Reference `eq:GTfunctional' on page 16 undefined on input line 1190.


LaTeX Warning: Reference `eq:U-lambda-derivative-bounds' on page 16 undefined on input line 1197.


LaTeX Warning: Reference `eq:GTsecondderivative-simple' on page 16 undefined on input line 1198.


LaTeX Warning: Reference `eq:GTsemigroup' on page 16 undefined on input line 1233.


LaTeX Warning: Reference `eq:U-stage-recursion' on page 16 undefined on input line 1233.


LaTeX Warning: Reference `eq:U@a' on page 16 undefined on input line 1233.


LaTeX Warning: Reference `eq:GT-overlap-increments' on page 16 undefined on input line 1245.

[16]

LaTeX Warning: Reference `eq:RSpathvalue' on page 17 undefined on input line 1262.


LaTeX Warning: Reference `eq:GTcorrection' on page 17 undefined on input line 1262.


LaTeX Warning: Reference `thm:Price' on page 17 undefined on input line 1274.


LaTeX Warning: Reference `eq:alpha' on page 17 undefined on input line 1282.


LaTeX Warning: Reference `eq:localfieldlaw' on page 17 undefined on input line 1306.


LaTeX Warning: Reference `eq:Psi-x' on page 17 undefined on input line 1306.


LaTeX Warning: Reference `eq:gs-def' on page 17 undefined on input line 1306.

[17]

LaTeX Warning: Reference `eq:GT-positive-diagonal-value' on page 18 undefined on input line 1349.


LaTeX Warning: Reference `eq:GT-positive-diagonal-derivative' on page 18 undefined on input line 1349.


LaTeX Warning: Reference `eq:Psi-x' on page 18 undefined on input line 1362.


LaTeX Warning: Reference `eq:localfieldlaw' on page 18 undefined on input line 1362.


LaTeX Warning: Reference `eq:gs-def' on page 18 undefined on input line 1362.


LaTeX Warning: Reference `eq:GT-zero-signed-simple' on page 18 undefined on input line 1363.


LaTeX Warning: Reference `eq:gv(0<v<q)' on page 18 undefined on input line 1363.

[18]

LaTeX Warning: Reference `eq:linearATsign' on page 19 undefined on input line 1426.


LaTeX Warning: Reference `prop:pathRS' on page 19 undefined on input line 1427.


LaTeX Warning: Reference `eq:GTsecondderivative-simple' on page 19 undefined on input line 1435.


LaTeX Warning: Reference `eq:GT-zero-positive-simple' on page 19 undefined on input line 1435.


LaTeX Warning: Reference `eq:GT-local-slope-simple' on page 19 undefined on input line 1442.


LaTeX Warning: Reference `eq:ATsign' on page 19 undefined on input line 1459.


LaTeX Warning: Reference `eq:GT-zero-positive-simple' on page 19 undefined on input line 1459.


LaTeX Warning: Reference `eq:GT-zero-signed-simple' on page 19 undefined on input line 1461.


LaTeX Warning: Reference `eq:GT-signed-positive-simple' on page 19 undefined on input line 1461.


LaTeX Warning: Reference `eq:GT-negative-strict-simple' on page 19 undefined on input line 1462.


LaTeX Warning: Reference `eq:GT-szero-simple' on page 19 undefined on input line 1463.


LaTeX Warning: Reference `eq:GT-local-coercivity-simple' on page 19 undefined on input line 1497.


LaTeX Warning: Reference `eq:GT-far-coercivity-simple' on page 19 undefined on input line 1498.


LaTeX Warning: Reference `eq:Gamma-coercivity' on page 19 undefined on input line 1499.

[19]

LaTeX Warning: Reference `eq:GT-zero-positive-simple' on page 20 undefined on input line 1509.


LaTeX Warning: Reference `eq:GTsecondderivative-simple' on page 20 undefined on input line 1515.


LaTeX Warning: Reference `eq:Gamma-at-q' on page 20 undefined on input line 1520.


LaTeX Warning: Reference `eq:GTfunctionalbound' on page 20 undefined on input line 1522.


LaTeX Warning: Citation `Talagrand' on page 20 undefined on input line 1542.


LaTeX Warning: Citation `Ledoux' on page 20 undefined on input line 1557.

[20]

LaTeX Warning: Reference `eq:gaussianmaxgeneral' on page 21 undefined on input line 1570.


LaTeX Warning: Reference `prop:GTcoercivity' on page 21 undefined on input line 1598.


LaTeX Warning: Reference `eq:gaussianmaxgeneral' on page 21 undefined on input line 1621.


LaTeX Warning: Reference `eq:GTcoercivity' on page 21 undefined on input line 1628.


LaTeX Warning: Reference `eq:rho0-choice' on page 21 undefined on input line 1628.


LaTeX Warning: Reference `eq:gaussianmax' on page 21 undefined on input line 1628.


LaTeX Warning: Reference `eq:pressureenvelope' on page 21 undefined on input line 1641.

[21]

LaTeX Warning: Citation `KusuokaNakajima1' on page 22 undefined on input line 1665.


LaTeX Warning: Citation `Talagrand' on page 22 undefined on input line 1665.


LaTeX Warning: Reference `eq:RSpathvalue' on page 22 undefined on input line 1693.


LaTeX Warning: Reference `eq:ABC' on page 22 undefined on input line 1694.


LaTeX Warning: Reference `eq:normalizedcoupling' on page 22 undefined on input line 1702.


LaTeX Warning: Reference `eq:pressureenvelope' on page 22 undefined on input line 1708.


LaTeX Warning: Reference `eq:preconcentration' on page 22 undefined on input line 1720.


LaTeX Warning: Reference `eq:preconcentration' on page 22 undefined on input line 1721.


LaTeX Warning: Reference `eq:lemreconcentration1' on page 22 undefined on input line 1721.


LaTeX Warning: Reference `eq:lemreconcentration2' on page 22 undefined on input line 1721.


LaTeX Warning: Reference `eq:normalizedcoupling' on page 22 undefined on input line 1745.


LaTeX Warning: Reference `eq:preconcentration' on page 22 undefined on input line 1745.


LaTeX Warning: Reference `eq:lemreconcentration2' on page 22 undefined on input line 1745.


LaTeX Warning: Reference `lem:sublinearpressure' on page 22 undefined on input line 1765.


LaTeX Warning: Citation `Talagrand' on page 22 undefined on input line 1765.


LaTeX Warning: Citation `Talagrand' on page 22 undefined on input line 1767.

[22]

LaTeX Warning: Reference `eq:EY' on page 23 undefined on input line 1776.


LaTeX Warning: Reference `eq:tailY' on page 23 undefined on input line 1803.


LaTeX Warning: Reference `eq:tail' on page 23 undefined on input line 1825.


LaTeX Warning: Reference `eq:ABC' on page 23 undefined on input line 1830.

[23]

LaTeX Warning: Reference `prop:cavity' on page 24 undefined on input line 1958.


LaTeX Warning: Reference `eq:Qab' on page 24 undefined on input line 1959.

[24]

LaTeX Warning: Reference `prop:cavity' on page 25 undefined on input line 1979.


LaTeX Warning: Reference `eq:last-spin-moments-proof' on page 25 undefined on input line 2013.


LaTeX Warning: Reference `eq:cavity-derivative-proof' on page 25 undefined on input line 2024.


LaTeX Warning: Reference `eq:edge-rule-proof' on page 25 undefined on input line 2027.


LaTeX Warning: Reference `eq:cavity-general-modes' on page 25 undefined on input line 2034.


LaTeX Warning: Reference `eq:cavity-derivative-proof' on page 25 undefined on input line 2044.


LaTeX Warning: Reference `eq:M3-gronwall-proof' on page 25 undefined on input line 2059.


LaTeX Warning: Reference `eq:Qab' on page 25 undefined on input line 2059.

[25]

LaTeX Warning: Reference `eq:endpoint-replacement-proof' on page 26 undefined on input line 2088.


LaTeX Warning: Reference `eq:cavity-modes' on page 26 undefined on input line 2115.


LaTeX Warning: Reference `eq:cavity-derivative-proof' on page 26 undefined on input line 2117.


LaTeX Warning: Reference `eq:M3-gronwall-proof' on page 26 undefined on input line 2118.


LaTeX Warning: Reference `eq:cavity-edge-matrix' on page 26 undefined on input line 2125.


LaTeX Warning: Reference `eq:cavity-general-modes' on page 26 undefined on input line 2126.


LaTeX Warning: Reference `eq:cavity-derivative-proof' on page 26 undefined on input line 2142.


LaTeX Warning: Reference `eq:M3-gronwall-proof' on page 26 undefined on input line 2144.

[26]

LaTeX Warning: Reference `eq:cavity-mode-replacement' on page 27 undefined on input line 2151.


LaTeX Warning: Reference `eq:cavity-decomposition-proof' on page 27 undefined on input line 2152.


LaTeX Warning: Reference `eq:cavity-Taylor-modes' on page 27 undefined on input line 2153.


LaTeX Warning: Reference `eq:scalar-first-derivatives' on page 27 undefined on input line 2154.


LaTeX Warning: Reference `eq:scalar-diagonal-terms' on page 27 undefined on input line 2155.


LaTeX Warning: Reference `eq:scalar-diagonal-remainders' on page 27 undefined on input line 2156.


LaTeX Warning: Reference `eq:cavity-U' on page 27 undefined on input line 2169.


LaTeX Warning: Reference `eq:cavity-remainders' on page 27 undefined on input line 2169.


LaTeX Warning: Reference `eq:delta' on page 27 undefined on input line 2178.


LaTeX Warning: Reference `eq:cavity-U' on page 27 undefined on input line 2185.


LaTeX Warning: Reference `eq:cavity-D' on page 27 undefined on input line 2185.


LaTeX Warning: Reference `eq:main1' on page 27 undefined on input line 2200.


Package hyperref Warning: Token not allowed in a PDF string (Unicode):
(hyperref)                removing `\hbox' on input line 2200.


Package hyperref Warning: Token not allowed in a PDF string (Unicode):
(hyperref)                removing `\mathsurround' on input line 2200.


Package hyperref Warning: Token not allowed in a PDF string (Unicode):
(hyperref)                removing `\z@' on input line 2200.


Package hyperref Warning: Token not allowed in a PDF string (Unicode):
(hyperref)                removing `\unskip' on input line 2200.


Package hyperref Warning: Token not allowed in a PDF string (Unicode):
(hyperref)                removing `\@@italiccorr' on input line 2200.


LaTeX Warning: Reference `cor:tail' on page 27 undefined on input line 2213.


LaTeX Warning: Reference `eq:thirdsplit' on page 27 undefined on input line 2216.


LaTeX Warning: Reference `eq:preabsorb' on page 27 undefined on input line 2216.


LaTeX Warning: Reference `eq:main1' on page 27 undefined on input line 2221.


LaTeX Warning: Reference `eq:main2' on page 27 undefined on input line 2223.


Package hyperref Warning: Token not allowed in a PDF string (Unicode):
(hyperref)                removing `\hbox' on input line 2223.


Package hyperref Warning: Token not allowed in a PDF string (Unicode):
(hyperref)                removing `\mathsurround' on input line 2223.


Package hyperref Warning: Token not allowed in a PDF string (Unicode):
(hyperref)                removing `\z@' on input line 2223.


Package hyperref Warning: Token not allowed in a PDF string (Unicode):
(hyperref)                removing `\unskip' on input line 2223.


Package hyperref Warning: Token not allowed in a PDF string (Unicode):
(hyperref)                removing `\@@italiccorr' on input line 2223.


LaTeX Warning: Reference `eq:DNprime' on page 27 undefined on input line 2225.

[27]

LaTeX Warning: Reference `eq:main2' on page 28 undefined on input line 2232.


LaTeX Warning: Reference `eq:main3' on page 28 undefined on input line 2234.


Package hyperref Warning: Token not allowed in a PDF string (Unicode):
(hyperref)                removing `\hbox' on input line 2234.


Package hyperref Warning: Token not allowed in a PDF string (Unicode):
(hyperref)                removing `\mathsurround' on input line 2234.


Package hyperref Warning: Token not allowed in a PDF string (Unicode):
(hyperref)                removing `\z@' on input line 2234.


Package hyperref Warning: Token not allowed in a PDF string (Unicode):
(hyperref)                removing `\unskip' on input line 2234.


Package hyperref Warning: Token not allowed in a PDF string (Unicode):
(hyperref)                removing `\@@italiccorr' on input line 2234.


LaTeX Warning: Reference `eq:thirdsplit' on page 28 undefined on input line 2237.


LaTeX Warning: Reference `eq:cavity-D' on page 28 undefined on input line 2248.


LaTeX Warning: Reference `eq:cavity-remainders' on page 28 undefined on input line 2249.


LaTeX Warning: Reference `eq:denominator-bounds' on page 28 undefined on input line 2249.


LaTeX Warning: Reference `eq:main3' on page 28 undefined on input line 2255.


LaTeX Warning: Reference `thm:main' on page 28 undefined on input line 2256.


LaTeX Warning: Citation `Talagrand' on page 28 undefined on input line 2265.


LaTeX Warning: Reference `eq:denominator-bounds' on page 28 undefined on input line 2269.


LaTeX Warning: Reference `thm:overlap-clt-intro' on page 28 undefined on input line 2286.


LaTeX Warning: Reference `app:cavity-identities' on page 28 undefined on input line 2288.


LaTeX Warning: Reference `eq:cavity-derivative-proof' on page 28 undefined on input line 2300.

[28]

LaTeX Warning: Reference `eq:last-spin-moments-proof' on page 29 undefined on input line 2360.


LaTeX Warning: Reference `eq:clt-X-Y' on page 29 undefined on input line 2372.


LaTeX Warning: Reference `eq:cavity-derivative-proof' on page 29 undefined on input line 2384.


LaTeX Warning: Reference `eq:clt-cavity-product' on page 29 undefined on input line 2385.


LaTeX Warning: Reference `eq:clt-X-Y' on page 29 undefined on input line 2390.

[29]

LaTeX Warning: Reference `eq:clt-X-Y' on page 30 undefined on input line 2416.


LaTeX Warning: Reference `eq:clt-cavity-product' on page 30 undefined on input line 2417.


LaTeX Warning: Reference `eq:cavity-edge-matrix' on page 30 undefined on input line 2418.


LaTeX Warning: Reference `eq:cavity-derivative-proof' on page 30 undefined on input line 2456.


LaTeX Warning: Reference `eq:clt-cavity-product' on page 30 undefined on input line 2457.


LaTeX Warning: Reference `eq:clt-cavity-product' on page 30 undefined on input line 2469.


LaTeX Warning: Reference `eq:clt-X-Y' on page 30 undefined on input line 2477.


LaTeX Warning: Reference `eq:clt-cavity-product' on page 30 undefined on input line 2477.


LaTeX Warning: Reference `eq:clt-g-zero' on page 30 undefined on input line 2483.


LaTeX Warning: Reference `eq:clt-g-prime-zero' on page 30 undefined on input line 2483.


LaTeX Warning: Reference `eq:clt-cavity-Taylor' on page 30 undefined on input line 2484.


LaTeX Warning: Reference `eq:clt-Ttilde-T' on page 30 undefined on input line 2484.


LaTeX Warning: Reference `eq:cavity-general-modes' on page 30 undefined on input line 2501.


LaTeX Warning: Reference `eq:clt-vector-Stein' on page 30 undefined on input line 2502.


LaTeX Warning: Reference `eq:clt-positive-denominators' on page 30 undefined on input line 2514.

[30]

LaTeX Warning: Reference `eq:clt-Stein-V' on page 31 undefined on input line 2521.


LaTeX Warning: Reference `eq:cavity-remainders' on page 31 undefined on input line 2552.


LaTeX Warning: Reference `eq:cavity-U' on page 31 undefined on input line 2553.


LaTeX Warning: Reference `eq:cavity-D' on page 31 undefined on input line 2553.


LaTeX Warning: Reference `eq:clt-scalar-Stein' on page 31 undefined on input line 2596.

[31]

LaTeX Warning: Reference `eq:clt-variance-nonnegative' on page 32 undefined on input line 2625.

[32]

LaTeX Warning: Reference `eq:finite-step-first-chain-rule' on page 33 undefined on input line 2732.


LaTeX Warning: Reference `eq:finite-step-first-chain-rule' on page 33 undefined on input line 2759.

[33]

LaTeX Warning: Citation `Talagrand' on page 34 undefined on input line 2769.


LaTeX Warning: Reference `eq:dX=IP' on page 34 undefined on input line 2772.


LaTeX Warning: Reference `eq:gaussian-covariance-differentiation' on page 34 undefined on input line 2797.


LaTeX Warning: Reference `eq:gaussian-covariance-differentiation' on page 34 undefined on input line 2806.


LaTeX Warning: Reference `eq:dX=IP' on page 34 undefined on input line 2827.


LaTeX Warning: Reference `eq:finite-step-first-chain-rule' on page 34 undefined on input line 2829.


LaTeX Warning: Reference `eq:finite-step-second-chain-rule' on page 34 undefined on input line 2830.

[34]

LaTeX Warning: Reference `eq:QM' on page 35 undefined on input line 2854.


LaTeX Warning: Reference `eq:dX=IP' on page 35 undefined on input line 2864.


LaTeX Warning: Reference `eq:finite-step-telescoped-hessian' on page 35 undefined on input line 2865.


LaTeX Warning: Reference `eq:finite-step-level-contributions' on page 35 undefined on input line 2866.


LaTeX Warning: Reference `subsec:GT' on page 35 undefined on input line 2888.


LaTeX Warning: Reference `eq:GTfunctionalbound' on page 35 undefined on input line 2987.


LaTeX Warning: Reference `eq:finite-step-vector-increments' on page 35 undefined on input line 3005.


LaTeX Warning: Reference `eq:finite-step-scalar-increments' on page 35 undefined on input line 3005.

[35]

LaTeX Warning: Reference `lem:finite-step-interpolation-derivative' on page 36 undefined on input line 3047.


LaTeX Warning: Reference `subsec:GT' on page 36 undefined on input line 3064.


LaTeX Warning: Reference `eq:covzy' on page 36 undefined on input line 3064.


LaTeX Warning: Reference `eq:GTsemigroup' on page 36 undefined on input line 3064.


LaTeX Warning: Reference `eq:relationXU' on page 36 undefined on input line 3064.

[36]

LaTeX Warning: Reference `eq:appendix-constrained-partition' on page 37 undefined on input line 3083.


LaTeX Warning: Reference `eq:defXB1' on page 37 undefined on input line 3094.


LaTeX Warning: Reference `eq:defLv' on page 37 undefined on input line 3102.


LaTeX Warning: Reference `eq:appendix-exact-covariance' on page 37 undefined on input line 3106.


LaTeX Warning: Reference `eq:covzy' on page 37 undefined on input line 3110.


LaTeX Warning: Reference `eq:defB' on page 37 undefined on input line 3116.


LaTeX Warning: Reference `eq:defd' on page 37 undefined on input line 3116.

[37]

LaTeX Warning: Reference `lem:finite-step-interpolation-derivative' on page 38 undefined on input line 3139.


LaTeX Warning: Reference `eq:GT-endpoint-zero' on page 38 undefined on input line 3151.


LaTeX Warning: Reference `eq:GT-endpoint-one' on page 38 undefined on input line 3152.


LaTeX Warning: Reference `eq:special-GT-interpolation-derivative' on page 38 undefined on input line 3153.


LaTeX Warning: Reference `eq:appendix-GT-infimum' on page 38 undefined on input line 3154.


LaTeX Warning: Citation `Price' on page 38 undefined on input line 3222.

[38]

LaTeX Warning: Reference `eq:Price01' on page 39 undefined on input line 3266.


LaTeX Warning: Citation `KusuokaNakajima1' on page 39 undefined on input line 3275.


LaTeX Warning: Citation `TalagrandParisi' on page 39 undefined on input line 3275.


LaTeX Warning: Reference `subsec:proof-outline' on page 39 undefined on input line 3275.


LaTeX Warning: Citation `Lopatto' on page 39 undefined on input line 3277.


LaTeX Warning: Citation `brabra' on page 39 undefined on input line 3277.

[39] [40] [41] (./combined.aux
./combined.aux:321: Extra }, or forgotten \endgroup.
l.321 41}
         
I've deleted a group-closing symbol because it seems to be
spurious, as in `$x}$'. But perhaps the } is legitimate and
you forgot something else, as in `\hbox{$x}'. In such cases
the way to recover is to insert both the forgotten and the
deleted material, e.g., by typing `I$}'.

)
 ***********
LaTeX2e <2025-11-01>
L3 programming layer <2026-01-19>
 ***********


LaTeX Warning: There were undefined references.


LaTeX Warning: Label(s) may have changed. Rerun to get cross-references right.


Package rerunfilecheck Warning: File `combined.out' has changed.
(rerunfilecheck)                Rerun to get outlines right
(rerunfilecheck)                or use package `bookmark'.

Package rerunfilecheck Info: Checksums for `combined.out':
(rerunfilecheck)             Before: D41D8CD98F00B204E9800998ECF8427E;0
(rerunfilecheck)             After:  2C94F9D63920E1320BE53565F736AB9E;5538.
 ) 
Here is how much of TeX's memory you used:
 12504 strings out of 467533
 190104 string characters out of 5423669
 629787 words of memory out of 5000000
 40925 multiletter control sequences out of 15000+600000
 650180 words of font info for 122 fonts, out of 8000000 for 9000
 1141 hyphenation exceptions out of 8191
 75i,16n,79p,1298b,631s stack positions out of 10000i,1000n,20000p,200000b,200000s
<c:/texlive/2025/texmf-dist/fonts/type1/public/amsfonts/cm/cmbx10.pfb><c:/texlive/2025/texmf-dist/fonts/type1/public/amsfonts/cm/cmbx12.pfb><c:/texlive/2025/texmf-dist/fonts/type1/public/amsfonts/cm/cmex10.pfb><c:/texlive/2025/texmf-dist/fonts/type1/public/amsfonts/cmextra/cmex8.pfb><c:/texlive/2025/texmf-dist/fonts/type1/public/amsfonts/cm/cmmi10.pfb><c:/texlive/2025/texmf-dist/fonts/type1/public/amsfonts/cm/cmmi6.pfb><c:/texlive/2025/texmf-dist/fonts/type1/public/amsfonts/cm/cmmi8.pfb><c:/texlive/2025/texmf-dist/fonts/type1/public/amsfonts/cm/cmmi9.pfb><c:/texlive/2025/texmf-dist/fonts/type1/public/amsfonts/cm/cmmib10.pfb><c:/texlive/2025/texmf-dist/fonts/type1/public/amsfonts/cmextra/cmmib8.pfb><c:/texlive/2025/texmf-dist/fonts/type1/public/amsfonts/cm/cmr10.pfb><c:/texlive/2025/texmf-dist/fonts/type1/public/amsfonts/cm/cmr12.pfb><c:/texlive/2025/texmf-dist/fonts/type1/public/amsfonts/cm/cmr17.pfb><c:/texlive/2025/texmf-dist/fonts/type1/public/amsfonts/cm/cmr6.pfb><c:/texlive/2025/texmf-dist/fonts/type1/public/amsfonts/cm/cmr7.pfb><c:/texlive/2025/texmf-dist/fonts/type1/public/amsfonts/cm/cmr8.pfb><c:/texlive/2025/texmf-dist/fonts/type1/public/amsfonts/cm/cmr9.pfb><c:/texlive/2025/texmf-dist/fonts/type1/public/amsfonts/cm/cmss10.pfb><c:/texlive/2025/texmf-dist/fonts/type1/public/amsfonts/cm/cmss8.pfb><c:/texlive/2025/texmf-dist/fonts/type1/public/amsfonts/cm/cmsy10.pfb><c:/texlive/2025/texmf-dist/fonts/type1/public/amsfonts/cm/cmsy6.pfb><c:/texlive/2025/texmf-dist/fonts/type1/public/amsfonts/cm/cmsy7.pfb><c:/texlive/2025/texmf-dist/fonts/type1/public/amsfonts/cm/cmsy8.pfb><c:/texlive/2025/texmf-dist/fonts/type1/public/amsfonts/cm/cmsy9.pfb><c:/texlive/2025/texmf-dist/fonts/type1/public/amsfonts/cm/cmti10.pfb><c:/texlive/2025/texmf-dist/fonts/type1/public/amsfonts/cm/cmtt10.pfb><c:/texlive/2025/texmf-dist/fonts/type1/public/amsfonts/cm/cmtt9.pfb><c:/texlive/2025/texmf-dist/fonts/type1/public/amsfonts/euler/eufm10.pfb><c:/texlive/2025/texmf-dist/fonts/type1/public/amsfonts/symbols/msam10.pfb><c:/texlive/2025/texmf-dist/fonts/type1/public/amsfonts/symbols/msbm10.pfb><c:/texlive/2025/texmf-dist/fonts/type1/public/cm-super/sfrm0600.pfb><c:/texlive/2025/texmf-dist/fonts/type1/public/cm-super/sfrm0800.pfb>
Output written on combined.pdf (41 pages, 541194 bytes).
PDF statistics:
 689 PDF objects out of 1000 (max. 8388607)
 576 compressed objects within 6 object streams
 308 named destinations out of 1000 (max. 500000)
 1 words of extra memory for PDF output out of 10000 (max. 10000000)

