{"synthetic": false,
 "schemaVersion": "2025-09-10",
 "outputs":
 {"o": ["d7fcd8a7e105eaa0.olean"],
  "m": false,
  "i": "a1bca25f628ce296.ilean",
  "c": "ef30357caf9a758a.c"},
 "log":
 [{"message":
   ".> LEAN_PATH=C:\\Users\\Public\\Github\\Lean\\.lake\\packages\\Cli\\.lake\\build\\lib\\lean;C:\\Users\\Public\\Github\\Lean\\.lake\\packages\\batteries\\.lake\\build\\lib\\lean;C:\\Users\\Public\\Github\\Lean\\.lake\\packages\\Qq\\.lake\\build\\lib\\lean;C:\\Users\\Public\\Github\\Lean\\.lake\\packages\\aesop\\.lake\\build\\lib\\lean;C:\\Users\\Public\\Github\\Lean\\.lake\\packages\\proofwidgets\\.lake\\build\\lib\\lean;C:\\Users\\Public\\Github\\Lean\\.lake\\packages\\importGraph\\.lake\\build\\lib\\lean;C:\\Users\\Public\\Github\\Lean\\.lake\\packages\\LeanSearchClient\\.lake\\build\\lib\\lean;C:\\Users\\Public\\Github\\Lean\\.lake\\packages\\plausible\\.lake\\build\\lib\\lean;C:\\Users\\Public\\Github\\Lean\\.lake\\packages\\mathlib\\.lake\\build\\lib\\lean;C:\\Users\\Public\\Github\\Lean\\research_public\\.tmp_gaussianmax_check\\.lake\\build\\lib\\lean c:\\Users\\shuta\\.elan\\toolchains\\leanprover--lean4---v4.32.1\\bin\\lean.exe C:\\Users\\Public\\Github\\Lean\\research_public\\.tmp_gaussianmax_check\\..\\latalaStrictAlmeidaThouless\\Lemmas\\GaussianMax.lean -o C:\\Users\\Public\\Github\\Lean\\research_public\\.tmp_gaussianmax_check\\.lake\\build\\lib\\lean\\Lemmas\\GaussianMax.olean -i C:\\Users\\Public\\Github\\Lean\\research_public\\.tmp_gaussianmax_check\\.lake\\build\\lib\\lean\\Lemmas\\GaussianMax.ilean -c C:\\Users\\Public\\Github\\Lean\\research_public\\.tmp_gaussianmax_check\\.lake\\build\\ir\\Lemmas\\GaussianMax.c --setup C:\\Users\\Public\\Github\\Lean\\research_public\\.tmp_gaussianmax_check\\.lake\\build\\ir\\Lemmas\\GaussianMax.setup.json --json",
   "level": "trace"},
  {"message":
   "../latalaStrictAlmeidaThouless/Lemmas/GaussianMax.lean:22:18: Variable name `ht` is not explicitly referenced.\n\nThe binding can be removed (if unused) or named `_` (if used implicitly).\n\nNote: This linter can be disabled with `set_option linter.unusedVariables false`",
   "level": "warning"}],
 "inputs":
 [["Lemmas.GaussianMax:deps",
   [["deps",
     [["GaussianMaxCheck/StrictAT:extraDep",
       [["@GaussianMaxCheck:extraDep", "00000000000006bb"]]],
      ["imports",
       [["gaussian_concentration transitive imports (legacy)",
         "6ab49c45eb211607"],
        ["gaussian_concentration:importAllArts", "4d8eb60de467edcf"],
        ["Mathlib.Analysis.Convex.Integral transitive imports (legacy)",
         "7bbb429e9bb2e45a"],
        ["Mathlib.Analysis.Convex.Integral:importAllArts",
         "275ec0148e07bcd0"]]]]],
    ["libs",
     [["import dynlibs", "00000000000006bb"],
      ["package external libraries", "00000000000006bb"],
      ["module dynlibs", "00000000000006bb"],
      ["module plugins", "00000000000006bb"]]]]],
  ["Lean 4.32.1, commit f054605aea4b840552cca2e725580bffd1e1b704",
   "4ce1780d8d26fd00"],
  ["C:\\Users\\Public\\Github\\Lean\\research_public\\.tmp_gaussianmax_check\\..\\latalaStrictAlmeidaThouless\\Lemmas\\GaussianMax.lean",
   "7229a26c5d49994a"],
  ["options", "00000000000006bb"],
  ["isModule: false", "feefd2a0d3a1847e"],
  ["Module.name: Lemmas.GaussianMax", "3d3a373bc25410cd"],
  ["Package.id?: (some GaussianMaxCheck)", "5cbafad0415ff59c"],
  ["Module.leanArgs: #[]", "00000000000006bb"]],
 "depHash": "5c5429b3d9eba3e4"}