{"synthetic": false,
 "schemaVersion": "2025-09-10",
 "outputs":
 {"o": ["898feff1c904d43e.olean"],
  "m": false,
  "i": "79c420e3f97e71e7.ilean",
  "c": "04d28cd4424a3e30.c"},
 "log":
 [{"message":
   ".> LEAN_PATH=C:\\Users\\Public\\Github\\Lean\\.lake\\packages\\Cli\\.lake\\build\\lib\\lean;C:\\Users\\Public\\Github\\Lean\\.lake\\packages\\batteries\\.lake\\build\\lib\\lean;C:\\Users\\Public\\Github\\Lean\\.lake\\packages\\Qq\\.lake\\build\\lib\\lean;C:\\Users\\Public\\Github\\Lean\\.lake\\packages\\aesop\\.lake\\build\\lib\\lean;C:\\Users\\Public\\Github\\Lean\\.lake\\packages\\proofwidgets\\.lake\\build\\lib\\lean;C:\\Users\\Public\\Github\\Lean\\.lake\\packages\\importGraph\\.lake\\build\\lib\\lean;C:\\Users\\Public\\Github\\Lean\\.lake\\packages\\LeanSearchClient\\.lake\\build\\lib\\lean;C:\\Users\\Public\\Github\\Lean\\.lake\\packages\\plausible\\.lake\\build\\lib\\lean;C:\\Users\\Public\\Github\\Lean\\.lake\\packages\\mathlib\\.lake\\build\\lib\\lean;C:\\Users\\Public\\Github\\Lean\\research_public\\.tmp_gaussianmax_check\\.lake\\build\\lib\\lean c:\\Users\\shuta\\.elan\\toolchains\\leanprover--lean4---v4.32.1\\bin\\lean.exe C:\\Users\\Public\\Github\\Lean\\research_public\\.tmp_gaussianmax_check\\..\\latalaStrictAlmeidaThouless\\SpinGlassAT\\Gaussian_concentration\\gaussian_concentration.lean -o C:\\Users\\Public\\Github\\Lean\\research_public\\.tmp_gaussianmax_check\\.lake\\build\\lib\\lean\\gaussian_concentration.olean -i C:\\Users\\Public\\Github\\Lean\\research_public\\.tmp_gaussianmax_check\\.lake\\build\\lib\\lean\\gaussian_concentration.ilean -c C:\\Users\\Public\\Github\\Lean\\research_public\\.tmp_gaussianmax_check\\.lake\\build\\ir\\gaussian_concentration.c --setup C:\\Users\\Public\\Github\\Lean\\research_public\\.tmp_gaussianmax_check\\.lake\\build\\ir\\gaussian_concentration.setup.json --json",
   "level": "trace"}],
 "inputs":
 [["gaussian_concentration:deps",
   [["deps",
     [["GaussianMaxCheck/ATGaussianConcentration:extraDep",
       [["@GaussianMaxCheck:extraDep", "00000000000006bb"]]],
      ["imports",
       [["GaussianConcentrationAux transitive imports (legacy)",
         "0c72aca3e353b9e4"],
        ["GaussianConcentrationAux:importAllArts", "27e64aa848fc85f3"],
        ["GaussianCovSmooth transitive imports (legacy)", "9606ca8e8a7f4c7c"],
        ["GaussianCovSmooth:importAllArts", "ecac8836db407ce9"],
        ["GaussianCovMollify transitive imports (legacy)", "9606ca8e8a7f4c7c"],
        ["GaussianCovMollify:importAllArts", "6bc1a81046b34a5c"]]]]],
    ["libs",
     [["import dynlibs", "00000000000006bb"],
      ["package external libraries", "00000000000006bb"],
      ["module dynlibs", "00000000000006bb"],
      ["module plugins", "00000000000006bb"]]]]],
  ["Lean 4.32.1, commit f054605aea4b840552cca2e725580bffd1e1b704",
   "4ce1780d8d26fd00"],
  ["C:\\Users\\Public\\Github\\Lean\\research_public\\.tmp_gaussianmax_check\\..\\latalaStrictAlmeidaThouless\\SpinGlassAT\\Gaussian_concentration\\gaussian_concentration.lean",
   "bb8af29c59492eda"],
  ["options", "00000000000006bb"],
  ["isModule: false", "feefd2a0d3a1847e"],
  ["Module.name: gaussian_concentration", "a93ae32d330b6ca6"],
  ["Package.id?: (some GaussianMaxCheck)", "5cbafad0415ff59c"],
  ["Module.leanArgs: #[]", "00000000000006bb"]],
 "depHash": "b1b4eb52623ce531"}