{"synthetic": false,
 "schemaVersion": "2025-09-10",
 "outputs":
 {"o": ["d9df4bf0bc54e283.olean"],
  "m": false,
  "i": "198ca4a1c0316965.ilean",
  "c": "5a2f26de1a030aeb.c"},
 "log":
 [{"message":
   ".> LEAN_PATH=C:\\Users\\Public\\Github\\Lean\\.lake\\packages\\Cli\\.lake\\build\\lib\\lean;C:\\Users\\Public\\Github\\Lean\\.lake\\packages\\batteries\\.lake\\build\\lib\\lean;C:\\Users\\Public\\Github\\Lean\\.lake\\packages\\Qq\\.lake\\build\\lib\\lean;C:\\Users\\Public\\Github\\Lean\\.lake\\packages\\aesop\\.lake\\build\\lib\\lean;C:\\Users\\Public\\Github\\Lean\\.lake\\packages\\proofwidgets\\.lake\\build\\lib\\lean;C:\\Users\\Public\\Github\\Lean\\.lake\\packages\\importGraph\\.lake\\build\\lib\\lean;C:\\Users\\Public\\Github\\Lean\\.lake\\packages\\LeanSearchClient\\.lake\\build\\lib\\lean;C:\\Users\\Public\\Github\\Lean\\.lake\\packages\\plausible\\.lake\\build\\lib\\lean;C:\\Users\\Public\\Github\\Lean\\.lake\\packages\\mathlib\\.lake\\build\\lib\\lean;C:\\Users\\Public\\Github\\Lean\\research_public\\.tmp_gaussianmax_check\\.lake\\build\\lib\\lean c:\\Users\\shuta\\.elan\\toolchains\\leanprover--lean4---v4.32.1\\bin\\lean.exe C:\\Users\\Public\\Github\\Lean\\research_public\\.tmp_gaussianmax_check\\..\\latalaStrictAlmeidaThouless\\SpinGlassAT\\Gaussian_concentration\\GaussianCovMollify.lean -o C:\\Users\\Public\\Github\\Lean\\research_public\\.tmp_gaussianmax_check\\.lake\\build\\lib\\lean\\GaussianCovMollify.olean -i C:\\Users\\Public\\Github\\Lean\\research_public\\.tmp_gaussianmax_check\\.lake\\build\\lib\\lean\\GaussianCovMollify.ilean -c C:\\Users\\Public\\Github\\Lean\\research_public\\.tmp_gaussianmax_check\\.lake\\build\\ir\\GaussianCovMollify.c --setup C:\\Users\\Public\\Github\\Lean\\research_public\\.tmp_gaussianmax_check\\.lake\\build\\ir\\GaussianCovMollify.setup.json --json",
   "level": "trace"},
  {"message":
   "../latalaStrictAlmeidaThouless/SpinGlassAT/Gaussian_concentration/GaussianCovMollify.lean:136:115: Try this:\n  [apply] ring_nf\n  \n  The `ring` tactic failed to close the goal. Use `ring_nf` to obtain a normal form.\n    \n  Note that `ring` works primarily in *commutative* rings. If you have a noncommutative ring, abelian group or module, consider using `noncomm_ring`, `abel` or `module` instead.",
   "level": "info"},
  {"message":
   "../latalaStrictAlmeidaThouless/SpinGlassAT/Gaussian_concentration/GaussianCovMollify.lean:154:72: Try this:\n  [apply] ring_nf\n  \n  The `ring` tactic failed to close the goal. Use `ring_nf` to obtain a normal form.\n    \n  Note that `ring` works primarily in *commutative* rings. If you have a noncommutative ring, abelian group or module, consider using `noncomm_ring`, `abel` or `module` instead.",
   "level": "info"},
  {"message":
   "../latalaStrictAlmeidaThouless/SpinGlassAT/Gaussian_concentration/GaussianCovMollify.lean:157:12: This simp argument is unused:\n  hbound\n\nHint: Omit it from the simp argument list.\n  simp ̵[̵h̵b̵o̵u̵n̵d̵]̵\n\nNote: This linter can be disabled with `set_option linter.unusedSimpArgs false`",
   "level": "warning"}],
 "inputs":
 [["GaussianCovMollify:deps",
   [["deps",
     [["GaussianMaxCheck/ATGaussianConcentration:extraDep",
       [["@GaussianMaxCheck:extraDep", "00000000000006bb"]]],
      ["imports",
       [["GaussianConcentrationAux transitive imports (legacy)",
         "0c72aca3e353b9e4"],
        ["GaussianConcentrationAux:importAllArts", "27e64aa848fc85f3"]]]]],
    ["libs",
     [["import dynlibs", "00000000000006bb"],
      ["package external libraries", "00000000000006bb"],
      ["module dynlibs", "00000000000006bb"],
      ["module plugins", "00000000000006bb"]]]]],
  ["Lean 4.32.1, commit f054605aea4b840552cca2e725580bffd1e1b704",
   "4ce1780d8d26fd00"],
  ["C:\\Users\\Public\\Github\\Lean\\research_public\\.tmp_gaussianmax_check\\..\\latalaStrictAlmeidaThouless\\SpinGlassAT\\Gaussian_concentration\\GaussianCovMollify.lean",
   "eaa1effe98c32982"],
  ["options", "00000000000006bb"],
  ["isModule: false", "feefd2a0d3a1847e"],
  ["Module.name: GaussianCovMollify", "35a993040ae369c8"],
  ["Package.id?: (some GaussianMaxCheck)", "5cbafad0415ff59c"],
  ["Module.leanArgs: #[]", "00000000000006bb"]],
 "depHash": "c9e0457beae368a2"}